mode: set
github.com/whicu/hsa/internal/application/begin_invite_registration.go:33.28,41.2 1 1
github.com/whicu/hsa/internal/application/begin_invite_registration.go:43.143,49.16 4 1
github.com/whicu/hsa/internal/application/begin_invite_registration.go:49.16,54.3 2 1
github.com/whicu/hsa/internal/application/begin_invite_registration.go:56.2,57.16 2 1
github.com/whicu/hsa/internal/application/begin_invite_registration.go:57.16,62.3 2 1
github.com/whicu/hsa/internal/application/begin_invite_registration.go:64.2,64.18 1 1
github.com/whicu/hsa/internal/application/begin_invite_registration.go:64.18,69.3 2 1
github.com/whicu/hsa/internal/application/begin_invite_registration.go:71.2,71.24 1 1
github.com/whicu/hsa/internal/application/begin_invite_registration.go:71.24,77.3 2 1
github.com/whicu/hsa/internal/application/begin_invite_registration.go:79.2,82.16 3 1
github.com/whicu/hsa/internal/application/begin_invite_registration.go:82.16,89.3 2 1
github.com/whicu/hsa/internal/application/begin_invite_registration.go:91.2,96.25 2 1
github.com/whicu/hsa/internal/application/begin_login.go:13.79,18.2 1 1
github.com/whicu/hsa/internal/application/begin_login.go:20.91,24.16 3 1
github.com/whicu/hsa/internal/application/begin_login.go:24.16,29.3 2 1
github.com/whicu/hsa/internal/application/begin_login.go:31.2,33.25 2 1
github.com/whicu/hsa/internal/application/create_invite.go:40.17,50.2 1 1
github.com/whicu/hsa/internal/application/create_invite.go:52.104,59.16 4 1
github.com/whicu/hsa/internal/application/create_invite.go:59.16,65.3 2 1
github.com/whicu/hsa/internal/application/create_invite.go:67.2,67.50 1 1
github.com/whicu/hsa/internal/application/create_invite.go:67.50,74.3 2 1
github.com/whicu/hsa/internal/application/create_invite.go:76.2,77.16 2 1
github.com/whicu/hsa/internal/application/create_invite.go:77.16,83.3 2 1
github.com/whicu/hsa/internal/application/create_invite.go:85.2,92.16 2 1
github.com/whicu/hsa/internal/application/create_invite.go:92.16,98.3 2 0
github.com/whicu/hsa/internal/application/create_invite.go:100.2,100.49 1 1
github.com/whicu/hsa/internal/application/create_invite.go:100.49,107.3 2 1
github.com/whicu/hsa/internal/application/create_invite.go:109.2,115.35 2 1
github.com/whicu/hsa/internal/application/finish_invite_registration.go:66.29,80.2 1 1
github.com/whicu/hsa/internal/application/finish_invite_registration.go:89.42,91.2 1 1
github.com/whicu/hsa/internal/application/finish_invite_registration.go:102.57,104.2 1 1
github.com/whicu/hsa/internal/application/finish_invite_registration.go:112.59,114.2 1 1
github.com/whicu/hsa/internal/application/finish_invite_registration.go:116.141,122.16 4 1
github.com/whicu/hsa/internal/application/finish_invite_registration.go:122.16,125.3 2 1
github.com/whicu/hsa/internal/application/finish_invite_registration.go:127.2,129.76 2 1
github.com/whicu/hsa/internal/application/finish_invite_registration.go:129.76,131.19 2 1
github.com/whicu/hsa/internal/application/finish_invite_registration.go:131.19,133.4 1 1
github.com/whicu/hsa/internal/application/finish_invite_registration.go:135.3,136.19 2 1
github.com/whicu/hsa/internal/application/finish_invite_registration.go:136.19,138.4 1 0
github.com/whicu/hsa/internal/application/finish_invite_registration.go:140.3,140.92 1 1
github.com/whicu/hsa/internal/application/finish_invite_registration.go:140.92,142.4 1 1
github.com/whicu/hsa/internal/application/finish_invite_registration.go:144.3,145.19 2 1
github.com/whicu/hsa/internal/application/finish_invite_registration.go:145.19,148.4 2 0
github.com/whicu/hsa/internal/application/finish_invite_registration.go:150.3,151.13 2 1
github.com/whicu/hsa/internal/application/finish_invite_registration.go:154.2,154.16 1 1
github.com/whicu/hsa/internal/application/finish_invite_registration.go:154.16,161.3 2 1
github.com/whicu/hsa/internal/application/finish_invite_registration.go:163.2,169.18 2 1
github.com/whicu/hsa/internal/application/finish_invite_registration.go:174.156,176.16 2 1
github.com/whicu/hsa/internal/application/finish_invite_registration.go:176.16,177.41 1 1
github.com/whicu/hsa/internal/application/finish_invite_registration.go:177.41,180.4 2 1
github.com/whicu/hsa/internal/application/finish_invite_registration.go:181.3,182.18 2 0
github.com/whicu/hsa/internal/application/finish_invite_registration.go:185.2,185.47 1 1
github.com/whicu/hsa/internal/application/finish_invite_registration.go:185.47,188.3 2 1
github.com/whicu/hsa/internal/application/finish_invite_registration.go:190.2,190.49 1 1
github.com/whicu/hsa/internal/application/finish_invite_registration.go:190.49,193.3 2 0
github.com/whicu/hsa/internal/application/finish_invite_registration.go:195.2,195.17 1 1
github.com/whicu/hsa/internal/application/finish_invite_registration.go:198.188,200.16 2 1
github.com/whicu/hsa/internal/application/finish_invite_registration.go:200.16,203.3 2 0
github.com/whicu/hsa/internal/application/finish_invite_registration.go:205.2,205.45 1 1
github.com/whicu/hsa/internal/application/finish_invite_registration.go:205.45,208.3 2 0
github.com/whicu/hsa/internal/application/finish_invite_registration.go:210.2,212.16 3 1
github.com/whicu/hsa/internal/application/finish_invite_registration.go:212.16,215.3 2 0
github.com/whicu/hsa/internal/application/finish_invite_registration.go:216.2,216.63 1 1
github.com/whicu/hsa/internal/application/finish_invite_registration.go:216.63,219.3 2 0
github.com/whicu/hsa/internal/application/finish_invite_registration.go:221.2,221.54 1 1
github.com/whicu/hsa/internal/application/finish_invite_registration.go:221.54,224.3 2 0
github.com/whicu/hsa/internal/application/finish_invite_registration.go:226.2,226.21 1 1
github.com/whicu/hsa/internal/application/finish_invite_registration.go:229.176,231.31 2 1
github.com/whicu/hsa/internal/application/finish_invite_registration.go:231.31,233.18 2 1
github.com/whicu/hsa/internal/application/finish_invite_registration.go:233.18,236.4 2 0
github.com/whicu/hsa/internal/application/finish_invite_registration.go:237.3,237.31 1 1
github.com/whicu/hsa/internal/application/finish_invite_registration.go:240.2,240.54 1 1
github.com/whicu/hsa/internal/application/finish_invite_registration.go:240.54,243.3 2 1
github.com/whicu/hsa/internal/application/finish_invite_registration.go:245.2,245.12 1 1
github.com/whicu/hsa/internal/application/finish_login.go:38.10,47.2 1 1
github.com/whicu/hsa/internal/application/finish_login.go:57.38,59.2 1 1
github.com/whicu/hsa/internal/application/finish_login.go:67.40,69.2 1 1
github.com/whicu/hsa/internal/application/finish_login.go:71.84,77.16 4 1
github.com/whicu/hsa/internal/application/finish_login.go:77.16,82.3 2 1
github.com/whicu/hsa/internal/application/finish_login.go:84.2,89.76 2 1
github.com/whicu/hsa/internal/application/finish_login.go:89.76,91.19 2 1
github.com/whicu/hsa/internal/application/finish_login.go:91.19,92.44 1 1
github.com/whicu/hsa/internal/application/finish_login.go:92.44,97.5 2 1
github.com/whicu/hsa/internal/application/finish_login.go:98.4,102.16 2 1
github.com/whicu/hsa/internal/application/finish_login.go:105.3,105.72 1 1
github.com/whicu/hsa/internal/application/finish_login.go:105.72,112.4 2 0
github.com/whicu/hsa/internal/application/finish_login.go:113.3,113.64 1 1
github.com/whicu/hsa/internal/application/finish_login.go:113.64,120.4 2 1
github.com/whicu/hsa/internal/application/finish_login.go:122.3,123.19 2 1
github.com/whicu/hsa/internal/application/finish_login.go:123.19,129.4 2 1
github.com/whicu/hsa/internal/application/finish_login.go:131.3,133.13 3 1
github.com/whicu/hsa/internal/application/finish_login.go:136.2,136.16 1 1
github.com/whicu/hsa/internal/application/finish_login.go:136.16,142.3 2 1
github.com/whicu/hsa/internal/application/finish_login.go:144.2,149.18 2 1
github.com/whicu/hsa/internal/application/refresh_access_token.go:49.23,63.2 1 1
github.com/whicu/hsa/internal/application/refresh_access_token.go:65.130,71.16 4 1
github.com/whicu/hsa/internal/application/refresh_access_token.go:71.16,73.3 1 1
github.com/whicu/hsa/internal/application/refresh_access_token.go:75.2,76.16 2 1
github.com/whicu/hsa/internal/application/refresh_access_token.go:76.16,83.3 2 1
github.com/whicu/hsa/internal/application/refresh_access_token.go:85.2,91.39 2 1
github.com/whicu/hsa/internal/application/refresh_access_token.go:94.143,96.16 2 1
github.com/whicu/hsa/internal/application/refresh_access_token.go:96.16,101.3 2 1
github.com/whicu/hsa/internal/application/refresh_access_token.go:103.2,104.16 2 1
github.com/whicu/hsa/internal/application/refresh_access_token.go:104.16,105.41 1 1
github.com/whicu/hsa/internal/application/refresh_access_token.go:105.41,108.4 2 1
github.com/whicu/hsa/internal/application/refresh_access_token.go:109.3,112.18 2 1
github.com/whicu/hsa/internal/application/refresh_access_token.go:115.2,115.23 1 1
github.com/whicu/hsa/internal/application/refresh_access_token.go:115.23,121.80 2 1
github.com/whicu/hsa/internal/application/refresh_access_token.go:121.80,127.4 2 1
github.com/whicu/hsa/internal/application/refresh_access_token.go:128.3,128.43 1 1
github.com/whicu/hsa/internal/application/refresh_access_token.go:131.2,131.25 1 1
github.com/whicu/hsa/internal/application/refresh_access_token.go:131.25,137.3 2 1
github.com/whicu/hsa/internal/application/refresh_access_token.go:139.2,139.19 1 1
github.com/whicu/hsa/internal/application/refresh_access_token.go:146.75,147.76 1 1
github.com/whicu/hsa/internal/application/refresh_access_token.go:147.76,148.47 1 1
github.com/whicu/hsa/internal/application/refresh_access_token.go:148.47,154.4 2 0
github.com/whicu/hsa/internal/application/refresh_access_token.go:155.3,155.62 1 1
github.com/whicu/hsa/internal/application/refresh_access_token.go:155.62,161.4 2 1
github.com/whicu/hsa/internal/application/refresh_access_token.go:163.3,164.19 2 1
github.com/whicu/hsa/internal/application/refresh_access_token.go:164.19,170.4 2 1
github.com/whicu/hsa/internal/application/refresh_access_token.go:172.3,178.19 3 1
github.com/whicu/hsa/internal/application/refresh_access_token.go:178.19,184.4 2 1
github.com/whicu/hsa/internal/application/refresh_access_token.go:186.3,186.62 1 1
github.com/whicu/hsa/internal/application/refresh_access_token.go:186.62,192.4 2 1
github.com/whicu/hsa/internal/application/refresh_access_token.go:194.3,195.19 2 1
github.com/whicu/hsa/internal/application/refresh_access_token.go:195.19,201.4 2 1
github.com/whicu/hsa/internal/application/refresh_access_token.go:203.3,206.13 4 1
github.com/whicu/hsa/internal/application/refresh_access_token.go:209.2,209.53 1 1
github.com/whicu/hsa/internal/application/revoke_all_user_sessions.go:32.26,39.2 1 1
github.com/whicu/hsa/internal/application/revoke_all_user_sessions.go:41.93,43.29 2 1
github.com/whicu/hsa/internal/application/revoke_all_user_sessions.go:43.29,45.3 1 1
github.com/whicu/hsa/internal/application/revoke_all_user_sessions.go:47.2,55.77 4 1
github.com/whicu/hsa/internal/application/revoke_all_user_sessions.go:55.77,57.17 2 1
github.com/whicu/hsa/internal/application/revoke_all_user_sessions.go:57.17,63.4 2 1
github.com/whicu/hsa/internal/application/revoke_all_user_sessions.go:65.3,65.28 1 1
github.com/whicu/hsa/internal/application/revoke_all_user_sessions.go:65.28,66.42 1 1
github.com/whicu/hsa/internal/application/revoke_all_user_sessions.go:66.42,73.5 2 0
github.com/whicu/hsa/internal/application/revoke_all_user_sessions.go:76.3,76.57 1 1
github.com/whicu/hsa/internal/application/revoke_all_user_sessions.go:76.57,82.4 2 1
github.com/whicu/hsa/internal/application/revoke_all_user_sessions.go:84.3,85.13 2 1
github.com/whicu/hsa/internal/application/revoke_all_user_sessions.go:88.2,88.16 1 1
github.com/whicu/hsa/internal/application/revoke_all_user_sessions.go:88.16,94.3 2 1
github.com/whicu/hsa/internal/application/revoke_all_user_sessions.go:96.2,102.12 2 1
github.com/whicu/hsa/internal/application/revoke_compromised_chain.go:24.27,30.2 1 1
github.com/whicu/hsa/internal/application/revoke_compromised_chain.go:32.101,38.16 3 1
github.com/whicu/hsa/internal/application/revoke_compromised_chain.go:38.16,44.3 2 1
github.com/whicu/hsa/internal/application/revoke_compromised_chain.go:46.2,50.67 4 1
github.com/whicu/hsa/internal/application/revoke_compromised_chain.go:50.67,58.3 2 1
github.com/whicu/hsa/internal/application/revoke_compromised_chain.go:60.2,66.12 2 1
github.com/whicu/hsa/internal/application/session_issuer.go:39.18,49.2 1 1
github.com/whicu/hsa/internal/application/session_issuer.go:51.154,59.16 3 1
github.com/whicu/hsa/internal/application/session_issuer.go:59.16,65.3 2 1
github.com/whicu/hsa/internal/application/session_issuer.go:67.2,69.16 3 1
github.com/whicu/hsa/internal/application/session_issuer.go:69.16,76.3 2 1
github.com/whicu/hsa/internal/application/session_issuer.go:78.2,78.66 1 1
github.com/whicu/hsa/internal/application/session_issuer.go:78.66,85.3 2 1
github.com/whicu/hsa/internal/application/session_issuer.go:87.2,88.16 2 1
github.com/whicu/hsa/internal/application/session_issuer.go:88.16,95.3 2 1
github.com/whicu/hsa/internal/application/session_issuer.go:97.2,102.32 2 1
github.com/whicu/hsa/cmd/main.go:15.13,16.30 1 0
github.com/whicu/hsa/cmd/main.go:16.30,18.3 1 0
github.com/whicu/hsa/cmd/main.go:21.18,26.12 4 0
github.com/whicu/hsa/cmd/main.go:26.12,37.87 3 0
github.com/whicu/hsa/cmd/main.go:37.87,39.4 1 0
github.com/whicu/hsa/cmd/main.go:41.2,44.25 3 0
github.com/whicu/hsa/internal/config/koanf.go:22.50,24.16 2 0
github.com/whicu/hsa/internal/config/koanf.go:24.16,26.3 1 0
github.com/whicu/hsa/internal/config/koanf.go:28.2,35.16 4 0
github.com/whicu/hsa/internal/config/koanf.go:35.16,37.3 1 0
github.com/whicu/hsa/internal/config/koanf.go:38.2,40.56 1 0
github.com/whicu/hsa/internal/config/koanf.go:40.56,43.36 2 0
github.com/whicu/hsa/internal/config/koanf.go:43.36,45.5 1 0
github.com/whicu/hsa/internal/config/koanf.go:47.4,47.21 1 0
github.com/whicu/hsa/internal/config/koanf.go:51.2,51.16 1 0
github.com/whicu/hsa/internal/config/koanf.go:51.16,53.3 1 0
github.com/whicu/hsa/internal/config/koanf.go:55.2,55.15 1 0
github.com/whicu/hsa/internal/config/koanf.go:58.70,59.46 1 0
github.com/whicu/hsa/internal/config/koanf.go:59.46,61.3 1 0
github.com/whicu/hsa/internal/config/koanf.go:62.2,62.45 1 0
github.com/whicu/hsa/internal/config/koanf.go:62.45,64.3 1 0
github.com/whicu/hsa/internal/config/koanf.go:65.2,65.18 1 0
github.com/whicu/hsa/internal/config/koanf.go:68.46,70.16 2 0
github.com/whicu/hsa/internal/config/koanf.go:70.16,72.3 1 0
github.com/whicu/hsa/internal/config/koanf.go:73.2,74.66 2 0
github.com/whicu/hsa/internal/config/koanf.go:74.66,76.3 1 0
github.com/whicu/hsa/internal/config/koanf.go:78.2,78.18 1 0
github.com/whicu/hsa/internal/config/package.go:8.45,10.51 1 0
github.com/whicu/hsa/internal/config/package.go:10.51,12.4 1 0
github.com/whicu/hsa/internal/domain/credential/credential.go:39.30,40.15 1 1
github.com/whicu/hsa/internal/domain/credential/credential.go:40.15,41.17 1 1
github.com/whicu/hsa/internal/domain/credential/credential.go:41.17,43.4 1 1
github.com/whicu/hsa/internal/domain/credential/credential.go:45.2,45.20 1 1
github.com/whicu/hsa/internal/domain/credential/credential.go:45.20,47.3 1 1
github.com/whicu/hsa/internal/domain/credential/credential.go:48.2,48.26 1 1
github.com/whicu/hsa/internal/domain/credential/credential.go:48.26,50.3 1 1
github.com/whicu/hsa/internal/domain/credential/credential.go:51.2,51.24 1 1
github.com/whicu/hsa/internal/domain/credential/credential.go:51.24,53.3 1 1
github.com/whicu/hsa/internal/domain/credential/credential.go:54.2,54.25 1 1
github.com/whicu/hsa/internal/domain/credential/credential.go:54.25,56.3 1 1
github.com/whicu/hsa/internal/domain/credential/credential.go:57.2,64.8 1 1
github.com/whicu/hsa/internal/domain/credential/credential.go:67.46,67.61 1 1
github.com/whicu/hsa/internal/domain/credential/credential.go:68.46,68.69 1 1
github.com/whicu/hsa/internal/domain/credential/credential.go:69.46,69.65 1 1
github.com/whicu/hsa/internal/domain/credential/credential.go:70.46,70.68 1 1
github.com/whicu/hsa/internal/domain/credential/credential.go:71.46,71.68 1 1
github.com/whicu/hsa/internal/domain/credential/credential.go:72.46,72.69 1 1
github.com/whicu/hsa/internal/domain/credential/credential.go:73.46,73.68 1 1
github.com/whicu/hsa/internal/domain/credential/credential.go:75.51,76.42 1 1
github.com/whicu/hsa/internal/domain/credential/credential.go:76.42,78.3 1 1
github.com/whicu/hsa/internal/domain/credential/credential.go:79.2,80.12 2 1
github.com/whicu/hsa/internal/domain/invite/invite.go:37.26,38.15 1 1
github.com/whicu/hsa/internal/domain/invite/invite.go:38.15,39.17 1 1
github.com/whicu/hsa/internal/domain/invite/invite.go:39.17,41.4 1 1
github.com/whicu/hsa/internal/domain/invite/invite.go:43.2,43.20 1 1
github.com/whicu/hsa/internal/domain/invite/invite.go:43.20,45.3 1 1
github.com/whicu/hsa/internal/domain/invite/invite.go:46.2,46.27 1 1
github.com/whicu/hsa/internal/domain/invite/invite.go:46.27,48.3 1 1
github.com/whicu/hsa/internal/domain/invite/invite.go:49.2,49.20 1 1
github.com/whicu/hsa/internal/domain/invite/invite.go:49.20,51.3 1 1
github.com/whicu/hsa/internal/domain/invite/invite.go:52.2,55.8 1 1
github.com/whicu/hsa/internal/domain/invite/invite.go:57.48,57.63 1 0
github.com/whicu/hsa/internal/domain/invite/invite.go:58.48,58.70 1 0
github.com/whicu/hsa/internal/domain/invite/invite.go:59.48,59.70 1 0
github.com/whicu/hsa/internal/domain/invite/invite.go:60.48,60.81 1 1
github.com/whicu/hsa/internal/domain/invite/invite.go:61.48,61.74 1 1
github.com/whicu/hsa/internal/domain/invite/invite.go:63.62,64.16 1 1
github.com/whicu/hsa/internal/domain/invite/invite.go:64.16,66.3 1 1
github.com/whicu/hsa/internal/domain/invite/invite.go:67.2,67.22 1 1
github.com/whicu/hsa/internal/domain/invite/invite.go:67.22,69.3 1 1
github.com/whicu/hsa/internal/domain/invite/invite.go:70.2,71.12 2 1
github.com/whicu/hsa/internal/domain/invite/policy.go:7.38,9.2 1 1
github.com/whicu/hsa/internal/domain/invite/policy.go:11.49,12.32 1 1
github.com/whicu/hsa/internal/domain/invite/policy.go:12.32,14.3 1 1
github.com/whicu/hsa/internal/domain/invite/policy.go:15.2,15.12 1 1
github.com/whicu/hsa/internal/domain/key/key.go:30.29,30.73 1 1
github.com/whicu/hsa/internal/domain/key/key.go:50.30,51.15 1 1
github.com/whicu/hsa/internal/domain/key/key.go:51.15,52.17 1 1
github.com/whicu/hsa/internal/domain/key/key.go:52.17,54.4 1 1
github.com/whicu/hsa/internal/domain/key/key.go:56.2,56.20 1 1
github.com/whicu/hsa/internal/domain/key/key.go:56.20,58.3 1 1
github.com/whicu/hsa/internal/domain/key/key.go:59.2,59.24 1 1
github.com/whicu/hsa/internal/domain/key/key.go:59.24,61.3 1 1
github.com/whicu/hsa/internal/domain/key/key.go:62.2,62.20 1 1
github.com/whicu/hsa/internal/domain/key/key.go:62.20,64.3 1 1
github.com/whicu/hsa/internal/domain/key/key.go:65.2,65.26 1 1
github.com/whicu/hsa/internal/domain/key/key.go:65.26,67.3 1 1
github.com/whicu/hsa/internal/domain/key/key.go:68.2,68.25 1 1
github.com/whicu/hsa/internal/domain/key/key.go:68.25,70.3 1 1
github.com/whicu/hsa/internal/domain/key/key.go:71.2,75.8 1 1
github.com/whicu/hsa/internal/domain/key/key.go:78.62,78.77 1 1
github.com/whicu/hsa/internal/domain/key/key.go:79.62,79.80 1 1
github.com/whicu/hsa/internal/domain/key/key.go:80.62,80.87 1 1
github.com/whicu/hsa/internal/domain/key/key.go:83.38,84.14 1 1
github.com/whicu/hsa/internal/domain/key/key.go:84.14,86.3 1 1
github.com/whicu/hsa/internal/domain/key/key.go:87.2,88.27 2 1
github.com/whicu/hsa/internal/domain/key/key.go:88.27,90.3 1 1
github.com/whicu/hsa/internal/domain/key/key.go:91.2,91.180 1 1
github.com/whicu/hsa/internal/application/mocks/ActiveInviteCounter.go:20.25,24.19 3 0
github.com/whicu/hsa/internal/application/mocks/ActiveInviteCounter.go:24.19,24.49 1 0
github.com/whicu/hsa/internal/application/mocks/ActiveInviteCounter.go:26.2,26.13 1 0
github.com/whicu/hsa/internal/application/mocks/ActiveInviteCounter.go:38.71,40.2 1 0
github.com/whicu/hsa/internal/application/mocks/ActiveInviteCounter.go:43.122,46.19 2 0
github.com/whicu/hsa/internal/application/mocks/ActiveInviteCounter.go:46.19,47.59 1 0
github.com/whicu/hsa/internal/application/mocks/ActiveInviteCounter.go:50.2,52.99 3 0
github.com/whicu/hsa/internal/application/mocks/ActiveInviteCounter.go:52.99,54.3 1 0
github.com/whicu/hsa/internal/application/mocks/ActiveInviteCounter.go:55.2,55.90 1 0
github.com/whicu/hsa/internal/application/mocks/ActiveInviteCounter.go:55.90,57.3 1 0
github.com/whicu/hsa/internal/application/mocks/ActiveInviteCounter.go:57.8,59.3 1 0
github.com/whicu/hsa/internal/application/mocks/ActiveInviteCounter.go:60.2,60.92 1 0
github.com/whicu/hsa/internal/application/mocks/ActiveInviteCounter.go:60.92,62.3 1 0
github.com/whicu/hsa/internal/application/mocks/ActiveInviteCounter.go:62.8,64.3 1 0
github.com/whicu/hsa/internal/application/mocks/ActiveInviteCounter.go:65.2,65.15 1 0
github.com/whicu/hsa/internal/application/mocks/ActiveInviteCounter.go:77.133,79.2 1 0
github.com/whicu/hsa/internal/application/mocks/ActiveInviteCounter.go:81.169,82.40 1 0
github.com/whicu/hsa/internal/application/mocks/ActiveInviteCounter.go:82.40,84.21 2 0
github.com/whicu/hsa/internal/application/mocks/ActiveInviteCounter.go:84.21,86.4 1 0
github.com/whicu/hsa/internal/application/mocks/ActiveInviteCounter.go:87.3,88.21 2 0
github.com/whicu/hsa/internal/application/mocks/ActiveInviteCounter.go:88.21,90.4 1 0
github.com/whicu/hsa/internal/application/mocks/ActiveInviteCounter.go:91.3,92.21 2 0
github.com/whicu/hsa/internal/application/mocks/ActiveInviteCounter.go:92.21,94.4 1 0
github.com/whicu/hsa/internal/application/mocks/ActiveInviteCounter.go:95.3,99.4 1 0
github.com/whicu/hsa/internal/application/mocks/ActiveInviteCounter.go:101.2,101.11 1 0
github.com/whicu/hsa/internal/application/mocks/ActiveInviteCounter.go:104.124,107.2 2 0
github.com/whicu/hsa/internal/application/mocks/ActiveInviteCounter.go:109.191,112.2 2 0
github.com/whicu/hsa/internal/application/mocks/ActiveSessionsFinder.go:21.26,25.19 3 0
github.com/whicu/hsa/internal/application/mocks/ActiveSessionsFinder.go:25.19,25.49 1 0
github.com/whicu/hsa/internal/application/mocks/ActiveSessionsFinder.go:27.2,27.13 1 0
github.com/whicu/hsa/internal/application/mocks/ActiveSessionsFinder.go:39.73,41.2 1 0
github.com/whicu/hsa/internal/application/mocks/ActiveSessionsFinder.go:44.148,47.19 2 0
github.com/whicu/hsa/internal/application/mocks/ActiveSessionsFinder.go:47.19,48.61 1 0
github.com/whicu/hsa/internal/application/mocks/ActiveSessionsFinder.go:51.2,53.121 3 0
github.com/whicu/hsa/internal/application/mocks/ActiveSessionsFinder.go:53.121,55.3 1 0
github.com/whicu/hsa/internal/application/mocks/ActiveSessionsFinder.go:56.2,56.112 1 0
github.com/whicu/hsa/internal/application/mocks/ActiveSessionsFinder.go:56.112,58.3 1 0
github.com/whicu/hsa/internal/application/mocks/ActiveSessionsFinder.go:58.8,59.24 1 0
github.com/whicu/hsa/internal/application/mocks/ActiveSessionsFinder.go:59.24,61.4 1 0
github.com/whicu/hsa/internal/application/mocks/ActiveSessionsFinder.go:63.2,63.94 1 0
github.com/whicu/hsa/internal/application/mocks/ActiveSessionsFinder.go:63.94,65.3 1 0
github.com/whicu/hsa/internal/application/mocks/ActiveSessionsFinder.go:65.8,67.3 1 0
github.com/whicu/hsa/internal/application/mocks/ActiveSessionsFinder.go:68.2,68.15 1 0
github.com/whicu/hsa/internal/application/mocks/ActiveSessionsFinder.go:80.140,82.2 1 0
github.com/whicu/hsa/internal/application/mocks/ActiveSessionsFinder.go:84.178,85.40 1 0
github.com/whicu/hsa/internal/application/mocks/ActiveSessionsFinder.go:85.40,87.21 2 0
github.com/whicu/hsa/internal/application/mocks/ActiveSessionsFinder.go:87.21,89.4 1 0
github.com/whicu/hsa/internal/application/mocks/ActiveSessionsFinder.go:90.3,91.21 2 0
github.com/whicu/hsa/internal/application/mocks/ActiveSessionsFinder.go:91.21,93.4 1 0
github.com/whicu/hsa/internal/application/mocks/ActiveSessionsFinder.go:94.3,95.21 2 0
github.com/whicu/hsa/internal/application/mocks/ActiveSessionsFinder.go:95.21,97.4 1 0
github.com/whicu/hsa/internal/application/mocks/ActiveSessionsFinder.go:98.3,102.4 1 0
github.com/whicu/hsa/internal/application/mocks/ActiveSessionsFinder.go:104.2,104.11 1 0
github.com/whicu/hsa/internal/application/mocks/ActiveSessionsFinder.go:107.162,110.2 2 0
github.com/whicu/hsa/internal/application/mocks/ActiveSessionsFinder.go:112.220,115.2 2 0
github.com/whicu/hsa/internal/application/mocks/Authenticator.go:19.19,23.19 3 0
github.com/whicu/hsa/internal/application/mocks/Authenticator.go:23.19,23.49 1 0
github.com/whicu/hsa/internal/application/mocks/Authenticator.go:25.2,25.13 1 0
github.com/whicu/hsa/internal/application/mocks/Authenticator.go:37.59,39.2 1 0
github.com/whicu/hsa/internal/application/mocks/Authenticator.go:42.80,45.19 2 0
github.com/whicu/hsa/internal/application/mocks/Authenticator.go:45.19,46.47 1 0
github.com/whicu/hsa/internal/application/mocks/Authenticator.go:49.2,52.86 4 0
github.com/whicu/hsa/internal/application/mocks/Authenticator.go:52.86,54.3 1 0
github.com/whicu/hsa/internal/application/mocks/Authenticator.go:55.2,55.69 1 0
github.com/whicu/hsa/internal/application/mocks/Authenticator.go:55.69,57.3 1 0
github.com/whicu/hsa/internal/application/mocks/Authenticator.go:57.8,59.3 1 0
github.com/whicu/hsa/internal/application/mocks/Authenticator.go:60.2,60.69 1 0
github.com/whicu/hsa/internal/application/mocks/Authenticator.go:60.69,62.3 1 0
github.com/whicu/hsa/internal/application/mocks/Authenticator.go:62.8,63.24 1 0
github.com/whicu/hsa/internal/application/mocks/Authenticator.go:63.24,65.4 1 0
github.com/whicu/hsa/internal/application/mocks/Authenticator.go:67.2,67.68 1 0
github.com/whicu/hsa/internal/application/mocks/Authenticator.go:67.68,69.3 1 0
github.com/whicu/hsa/internal/application/mocks/Authenticator.go:69.8,71.3 1 0
github.com/whicu/hsa/internal/application/mocks/Authenticator.go:72.2,72.19 1 0
github.com/whicu/hsa/internal/application/mocks/Authenticator.go:82.76,84.2 1 0
github.com/whicu/hsa/internal/application/mocks/Authenticator.go:86.98,87.40 1 0
github.com/whicu/hsa/internal/application/mocks/Authenticator.go:87.40,89.21 2 0
github.com/whicu/hsa/internal/application/mocks/Authenticator.go:89.21,91.4 1 0
github.com/whicu/hsa/internal/application/mocks/Authenticator.go:92.3,94.4 1 0
github.com/whicu/hsa/internal/application/mocks/Authenticator.go:96.2,96.11 1 0
github.com/whicu/hsa/internal/application/mocks/Authenticator.go:99.127,102.2 2 0
github.com/whicu/hsa/internal/application/mocks/Authenticator.go:104.131,107.2 2 0
github.com/whicu/hsa/internal/application/mocks/Authenticator.go:110.139,113.19 2 0
github.com/whicu/hsa/internal/application/mocks/Authenticator.go:113.19,114.48 1 0
github.com/whicu/hsa/internal/application/mocks/Authenticator.go:117.2,119.120 3 0
github.com/whicu/hsa/internal/application/mocks/Authenticator.go:119.120,121.3 1 0
github.com/whicu/hsa/internal/application/mocks/Authenticator.go:122.2,122.111 1 0
github.com/whicu/hsa/internal/application/mocks/Authenticator.go:122.111,124.3 1 0
github.com/whicu/hsa/internal/application/mocks/Authenticator.go:124.8,126.3 1 0
github.com/whicu/hsa/internal/application/mocks/Authenticator.go:127.2,127.84 1 0
github.com/whicu/hsa/internal/application/mocks/Authenticator.go:127.84,129.3 1 0
github.com/whicu/hsa/internal/application/mocks/Authenticator.go:129.8,131.3 1 0
github.com/whicu/hsa/internal/application/mocks/Authenticator.go:132.2,132.15 1 0
github.com/whicu/hsa/internal/application/mocks/Authenticator.go:144.112,146.2 1 0
github.com/whicu/hsa/internal/application/mocks/Authenticator.go:148.140,149.40 1 0
github.com/whicu/hsa/internal/application/mocks/Authenticator.go:149.40,151.21 2 0
github.com/whicu/hsa/internal/application/mocks/Authenticator.go:151.21,153.4 1 0
github.com/whicu/hsa/internal/application/mocks/Authenticator.go:154.3,155.21 2 0
github.com/whicu/hsa/internal/application/mocks/Authenticator.go:155.21,157.4 1 0
github.com/whicu/hsa/internal/application/mocks/Authenticator.go:158.3,159.21 2 0
github.com/whicu/hsa/internal/application/mocks/Authenticator.go:159.21,161.4 1 0
github.com/whicu/hsa/internal/application/mocks/Authenticator.go:162.3,166.4 1 0
github.com/whicu/hsa/internal/application/mocks/Authenticator.go:168.2,168.11 1 0
github.com/whicu/hsa/internal/application/mocks/Authenticator.go:171.138,174.2 2 0
github.com/whicu/hsa/internal/application/mocks/Authenticator.go:176.191,179.2 2 0
github.com/whicu/hsa/internal/application/mocks/CredentialFinder.go:19.22,23.19 3 0
github.com/whicu/hsa/internal/application/mocks/CredentialFinder.go:23.19,23.49 1 0
github.com/whicu/hsa/internal/application/mocks/CredentialFinder.go:25.2,25.13 1 0
github.com/whicu/hsa/internal/application/mocks/CredentialFinder.go:37.65,39.2 1 0
github.com/whicu/hsa/internal/application/mocks/CredentialFinder.go:42.121,45.19 2 0
github.com/whicu/hsa/internal/application/mocks/CredentialFinder.go:45.19,46.58 1 0
github.com/whicu/hsa/internal/application/mocks/CredentialFinder.go:49.2,51.102 3 0
github.com/whicu/hsa/internal/application/mocks/CredentialFinder.go:51.102,53.3 1 0
github.com/whicu/hsa/internal/application/mocks/CredentialFinder.go:54.2,54.93 1 0
github.com/whicu/hsa/internal/application/mocks/CredentialFinder.go:54.93,56.3 1 0
github.com/whicu/hsa/internal/application/mocks/CredentialFinder.go:56.8,57.24 1 0
github.com/whicu/hsa/internal/application/mocks/CredentialFinder.go:57.24,59.4 1 0
github.com/whicu/hsa/internal/application/mocks/CredentialFinder.go:61.2,61.76 1 0
github.com/whicu/hsa/internal/application/mocks/CredentialFinder.go:61.76,63.3 1 0
github.com/whicu/hsa/internal/application/mocks/CredentialFinder.go:63.8,65.3 1 0
github.com/whicu/hsa/internal/application/mocks/CredentialFinder.go:66.2,66.15 1 0
github.com/whicu/hsa/internal/application/mocks/CredentialFinder.go:77.120,79.2 1 0
github.com/whicu/hsa/internal/application/mocks/CredentialFinder.go:81.145,82.40 1 0
github.com/whicu/hsa/internal/application/mocks/CredentialFinder.go:82.40,84.21 2 0
github.com/whicu/hsa/internal/application/mocks/CredentialFinder.go:84.21,86.4 1 0
github.com/whicu/hsa/internal/application/mocks/CredentialFinder.go:87.3,88.21 2 0
github.com/whicu/hsa/internal/application/mocks/CredentialFinder.go:88.21,90.4 1 0
github.com/whicu/hsa/internal/application/mocks/CredentialFinder.go:91.3,94.4 1 0
github.com/whicu/hsa/internal/application/mocks/CredentialFinder.go:96.2,96.11 1 0
github.com/whicu/hsa/internal/application/mocks/CredentialFinder.go:99.145,102.2 2 0
github.com/whicu/hsa/internal/application/mocks/CredentialFinder.go:104.186,107.2 2 0
github.com/whicu/hsa/internal/application/mocks/CredentialSaver.go:19.21,23.19 3 0
github.com/whicu/hsa/internal/application/mocks/CredentialSaver.go:23.19,23.49 1 0
github.com/whicu/hsa/internal/application/mocks/CredentialSaver.go:25.2,25.13 1 0
github.com/whicu/hsa/internal/application/mocks/CredentialSaver.go:37.63,39.2 1 0
github.com/whicu/hsa/internal/application/mocks/CredentialSaver.go:42.89,45.19 2 0
github.com/whicu/hsa/internal/application/mocks/CredentialSaver.go:45.19,46.46 1 0
github.com/whicu/hsa/internal/application/mocks/CredentialSaver.go:49.2,50.92 2 0
github.com/whicu/hsa/internal/application/mocks/CredentialSaver.go:50.92,52.3 1 0
github.com/whicu/hsa/internal/application/mocks/CredentialSaver.go:52.8,54.3 1 0
github.com/whicu/hsa/internal/application/mocks/CredentialSaver.go:55.2,55.11 1 0
github.com/whicu/hsa/internal/application/mocks/CredentialSaver.go:66.85,68.2 1 0
github.com/whicu/hsa/internal/application/mocks/CredentialSaver.go:70.126,71.40 1 0
github.com/whicu/hsa/internal/application/mocks/CredentialSaver.go:71.40,73.21 2 0
github.com/whicu/hsa/internal/application/mocks/CredentialSaver.go:73.21,75.4 1 0
github.com/whicu/hsa/internal/application/mocks/CredentialSaver.go:76.3,77.21 2 0
github.com/whicu/hsa/internal/application/mocks/CredentialSaver.go:77.21,79.4 1 0
github.com/whicu/hsa/internal/application/mocks/CredentialSaver.go:80.3,83.4 1 0
github.com/whicu/hsa/internal/application/mocks/CredentialSaver.go:85.2,85.11 1 0
github.com/whicu/hsa/internal/application/mocks/CredentialSaver.go:88.83,91.2 2 0
github.com/whicu/hsa/internal/application/mocks/CredentialSaver.go:93.141,96.2 2 0
github.com/whicu/hsa/internal/application/mocks/HashGenerator.go:16.19,20.19 3 0
github.com/whicu/hsa/internal/application/mocks/HashGenerator.go:20.19,20.49 1 0
github.com/whicu/hsa/internal/application/mocks/HashGenerator.go:22.2,22.13 1 0
github.com/whicu/hsa/internal/application/mocks/HashGenerator.go:34.59,36.2 1 0
github.com/whicu/hsa/internal/application/mocks/HashGenerator.go:39.70,42.19 2 0
github.com/whicu/hsa/internal/application/mocks/HashGenerator.go:42.19,43.54 1 0
github.com/whicu/hsa/internal/application/mocks/HashGenerator.go:46.2,48.69 3 0
github.com/whicu/hsa/internal/application/mocks/HashGenerator.go:48.69,50.3 1 0
github.com/whicu/hsa/internal/application/mocks/HashGenerator.go:51.2,51.60 1 0
github.com/whicu/hsa/internal/application/mocks/HashGenerator.go:51.60,53.3 1 0
github.com/whicu/hsa/internal/application/mocks/HashGenerator.go:53.8,55.3 1 0
github.com/whicu/hsa/internal/application/mocks/HashGenerator.go:56.2,56.59 1 0
github.com/whicu/hsa/internal/application/mocks/HashGenerator.go:56.59,58.3 1 0
github.com/whicu/hsa/internal/application/mocks/HashGenerator.go:58.8,60.3 1 0
github.com/whicu/hsa/internal/application/mocks/HashGenerator.go:61.2,61.15 1 0
github.com/whicu/hsa/internal/application/mocks/HashGenerator.go:71.90,73.2 1 0
github.com/whicu/hsa/internal/application/mocks/HashGenerator.go:75.103,76.40 1 0
github.com/whicu/hsa/internal/application/mocks/HashGenerator.go:76.40,78.21 2 0
github.com/whicu/hsa/internal/application/mocks/HashGenerator.go:78.21,80.4 1 0
github.com/whicu/hsa/internal/application/mocks/HashGenerator.go:81.3,83.4 1 0
github.com/whicu/hsa/internal/application/mocks/HashGenerator.go:85.2,85.11 1 0
github.com/whicu/hsa/internal/application/mocks/HashGenerator.go:88.105,91.2 2 0
github.com/whicu/hsa/internal/application/mocks/HashGenerator.go:93.128,96.2 2 0
github.com/whicu/hsa/internal/application/mocks/IDGenerator.go:17.17,21.19 3 0
github.com/whicu/hsa/internal/application/mocks/IDGenerator.go:21.19,21.49 1 0
github.com/whicu/hsa/internal/application/mocks/IDGenerator.go:23.2,23.13 1 0
github.com/whicu/hsa/internal/application/mocks/IDGenerator.go:35.55,37.2 1 0
github.com/whicu/hsa/internal/application/mocks/IDGenerator.go:40.45,43.19 2 0
github.com/whicu/hsa/internal/application/mocks/IDGenerator.go:43.19,44.47 1 0
github.com/whicu/hsa/internal/application/mocks/IDGenerator.go:47.2,48.57 2 0
github.com/whicu/hsa/internal/application/mocks/IDGenerator.go:48.57,50.3 1 0
github.com/whicu/hsa/internal/application/mocks/IDGenerator.go:50.8,51.24 1 0
github.com/whicu/hsa/internal/application/mocks/IDGenerator.go:51.24,53.4 1 0
github.com/whicu/hsa/internal/application/mocks/IDGenerator.go:55.2,55.11 1 0
github.com/whicu/hsa/internal/application/mocks/IDGenerator.go:64.65,66.2 1 0
github.com/whicu/hsa/internal/application/mocks/IDGenerator.go:68.75,69.40 1 0
github.com/whicu/hsa/internal/application/mocks/IDGenerator.go:69.40,71.3 1 0
github.com/whicu/hsa/internal/application/mocks/IDGenerator.go:72.2,72.11 1 0
github.com/whicu/hsa/internal/application/mocks/IDGenerator.go:75.82,78.2 2 0
github.com/whicu/hsa/internal/application/mocks/IDGenerator.go:80.94,83.2 2 0
github.com/whicu/hsa/internal/application/mocks/InviteFinderByCode.go:19.24,23.19 3 0
github.com/whicu/hsa/internal/application/mocks/InviteFinderByCode.go:23.19,23.49 1 0
github.com/whicu/hsa/internal/application/mocks/InviteFinderByCode.go:25.2,25.13 1 0
github.com/whicu/hsa/internal/application/mocks/InviteFinderByCode.go:37.69,39.2 1 0
github.com/whicu/hsa/internal/application/mocks/InviteFinderByCode.go:42.107,45.19 2 0
github.com/whicu/hsa/internal/application/mocks/InviteFinderByCode.go:45.19,46.56 1 0
github.com/whicu/hsa/internal/application/mocks/InviteFinderByCode.go:49.2,51.94 3 0
github.com/whicu/hsa/internal/application/mocks/InviteFinderByCode.go:51.94,53.3 1 0
github.com/whicu/hsa/internal/application/mocks/InviteFinderByCode.go:54.2,54.85 1 0
github.com/whicu/hsa/internal/application/mocks/InviteFinderByCode.go:54.85,56.3 1 0
github.com/whicu/hsa/internal/application/mocks/InviteFinderByCode.go:56.8,57.24 1 0
github.com/whicu/hsa/internal/application/mocks/InviteFinderByCode.go:57.24,59.4 1 0
github.com/whicu/hsa/internal/application/mocks/InviteFinderByCode.go:61.2,61.76 1 0
github.com/whicu/hsa/internal/application/mocks/InviteFinderByCode.go:61.76,63.3 1 0
github.com/whicu/hsa/internal/application/mocks/InviteFinderByCode.go:63.8,65.3 1 0
github.com/whicu/hsa/internal/application/mocks/InviteFinderByCode.go:66.2,66.15 1 0
github.com/whicu/hsa/internal/application/mocks/InviteFinderByCode.go:77.114,79.2 1 0
github.com/whicu/hsa/internal/application/mocks/InviteFinderByCode.go:81.139,82.40 1 0
github.com/whicu/hsa/internal/application/mocks/InviteFinderByCode.go:82.40,84.21 2 0
github.com/whicu/hsa/internal/application/mocks/InviteFinderByCode.go:84.21,86.4 1 0
github.com/whicu/hsa/internal/application/mocks/InviteFinderByCode.go:87.3,88.21 2 0
github.com/whicu/hsa/internal/application/mocks/InviteFinderByCode.go:88.21,90.4 1 0
github.com/whicu/hsa/internal/application/mocks/InviteFinderByCode.go:91.3,94.4 1 0
github.com/whicu/hsa/internal/application/mocks/InviteFinderByCode.go:96.2,96.11 1 0
github.com/whicu/hsa/internal/application/mocks/InviteFinderByCode.go:99.133,102.2 2 0
github.com/whicu/hsa/internal/application/mocks/InviteFinderByCode.go:104.172,107.2 2 0
github.com/whicu/hsa/internal/application/mocks/InviteFinderByID.go:19.22,23.19 3 0
github.com/whicu/hsa/internal/application/mocks/InviteFinderByID.go:23.19,23.49 1 0
github.com/whicu/hsa/internal/application/mocks/InviteFinderByID.go:25.2,25.13 1 0
github.com/whicu/hsa/internal/application/mocks/InviteFinderByID.go:37.65,39.2 1 0
github.com/whicu/hsa/internal/application/mocks/InviteFinderByID.go:42.106,45.19 2 0
github.com/whicu/hsa/internal/application/mocks/InviteFinderByID.go:45.19,46.50 1 0
github.com/whicu/hsa/internal/application/mocks/InviteFinderByID.go:49.2,51.103 3 0
github.com/whicu/hsa/internal/application/mocks/InviteFinderByID.go:51.103,53.3 1 0
github.com/whicu/hsa/internal/application/mocks/InviteFinderByID.go:54.2,54.94 1 0
github.com/whicu/hsa/internal/application/mocks/InviteFinderByID.go:54.94,56.3 1 0
github.com/whicu/hsa/internal/application/mocks/InviteFinderByID.go:56.8,57.24 1 0
github.com/whicu/hsa/internal/application/mocks/InviteFinderByID.go:57.24,59.4 1 0
github.com/whicu/hsa/internal/application/mocks/InviteFinderByID.go:61.2,61.85 1 0
github.com/whicu/hsa/internal/application/mocks/InviteFinderByID.go:61.85,63.3 1 0
github.com/whicu/hsa/internal/application/mocks/InviteFinderByID.go:63.8,65.3 1 0
github.com/whicu/hsa/internal/application/mocks/InviteFinderByID.go:66.2,66.15 1 0
github.com/whicu/hsa/internal/application/mocks/InviteFinderByID.go:77.96,79.2 1 0
github.com/whicu/hsa/internal/application/mocks/InviteFinderByID.go:81.130,82.40 1 0
github.com/whicu/hsa/internal/application/mocks/InviteFinderByID.go:82.40,84.21 2 0
github.com/whicu/hsa/internal/application/mocks/InviteFinderByID.go:84.21,86.4 1 0
github.com/whicu/hsa/internal/application/mocks/InviteFinderByID.go:87.3,88.21 2 0
github.com/whicu/hsa/internal/application/mocks/InviteFinderByID.go:88.21,90.4 1 0
github.com/whicu/hsa/internal/application/mocks/InviteFinderByID.go:91.3,94.4 1 0
github.com/whicu/hsa/internal/application/mocks/InviteFinderByID.go:96.2,96.11 1 0
github.com/whicu/hsa/internal/application/mocks/InviteFinderByID.go:99.117,102.2 2 0
github.com/whicu/hsa/internal/application/mocks/InviteFinderByID.go:104.163,107.2 2 0
github.com/whicu/hsa/internal/application/mocks/InviteFinderByID.go:110.82,113.19 2 0
github.com/whicu/hsa/internal/application/mocks/InviteFinderByID.go:113.19,114.46 1 0
github.com/whicu/hsa/internal/application/mocks/InviteFinderByID.go:117.2,118.84 2 0
github.com/whicu/hsa/internal/application/mocks/InviteFinderByID.go:118.84,120.3 1 0
github.com/whicu/hsa/internal/application/mocks/InviteFinderByID.go:120.8,122.3 1 0
github.com/whicu/hsa/internal/application/mocks/InviteFinderByID.go:123.2,123.11 1 0
github.com/whicu/hsa/internal/application/mocks/InviteFinderByID.go:134.87,136.2 1 0
github.com/whicu/hsa/internal/application/mocks/InviteFinderByID.go:138.120,139.40 1 0
github.com/whicu/hsa/internal/application/mocks/InviteFinderByID.go:139.40,141.21 2 0
github.com/whicu/hsa/internal/application/mocks/InviteFinderByID.go:141.21,143.4 1 0
github.com/whicu/hsa/internal/application/mocks/InviteFinderByID.go:144.3,145.21 2 0
github.com/whicu/hsa/internal/application/mocks/InviteFinderByID.go:145.21,147.4 1 0
github.com/whicu/hsa/internal/application/mocks/InviteFinderByID.go:148.3,151.4 1 0
github.com/whicu/hsa/internal/application/mocks/InviteFinderByID.go:153.2,153.11 1 0
github.com/whicu/hsa/internal/application/mocks/InviteFinderByID.go:156.85,159.2 2 0
github.com/whicu/hsa/internal/application/mocks/InviteFinderByID.go:161.135,164.2 2 0
github.com/whicu/hsa/internal/application/mocks/InviteSaver.go:19.17,23.19 3 0
github.com/whicu/hsa/internal/application/mocks/InviteSaver.go:23.19,23.49 1 0
github.com/whicu/hsa/internal/application/mocks/InviteSaver.go:25.2,25.13 1 0
github.com/whicu/hsa/internal/application/mocks/InviteSaver.go:37.55,39.2 1 0
github.com/whicu/hsa/internal/application/mocks/InviteSaver.go:42.77,45.19 2 0
github.com/whicu/hsa/internal/application/mocks/InviteSaver.go:45.19,46.46 1 0
github.com/whicu/hsa/internal/application/mocks/InviteSaver.go:49.2,50.84 2 0
github.com/whicu/hsa/internal/application/mocks/InviteSaver.go:50.84,52.3 1 0
github.com/whicu/hsa/internal/application/mocks/InviteSaver.go:52.8,54.3 1 0
github.com/whicu/hsa/internal/application/mocks/InviteSaver.go:55.2,55.11 1 0
github.com/whicu/hsa/internal/application/mocks/InviteSaver.go:66.77,68.2 1 0
github.com/whicu/hsa/internal/application/mocks/InviteSaver.go:70.110,71.40 1 0
github.com/whicu/hsa/internal/application/mocks/InviteSaver.go:71.40,73.21 2 0
github.com/whicu/hsa/internal/application/mocks/InviteSaver.go:73.21,75.4 1 0
github.com/whicu/hsa/internal/application/mocks/InviteSaver.go:76.3,77.21 2 0
github.com/whicu/hsa/internal/application/mocks/InviteSaver.go:77.21,79.4 1 0
github.com/whicu/hsa/internal/application/mocks/InviteSaver.go:80.3,83.4 1 0
github.com/whicu/hsa/internal/application/mocks/InviteSaver.go:85.2,85.11 1 0
github.com/whicu/hsa/internal/application/mocks/InviteSaver.go:88.75,91.2 2 0
github.com/whicu/hsa/internal/application/mocks/InviteSaver.go:93.125,96.2 2 0
github.com/whicu/hsa/internal/application/mocks/RefreshTokenBatchSaver.go:19.28,23.19 3 0
github.com/whicu/hsa/internal/application/mocks/RefreshTokenBatchSaver.go:23.19,23.49 1 0
github.com/whicu/hsa/internal/application/mocks/RefreshTokenBatchSaver.go:25.2,25.13 1 0
github.com/whicu/hsa/internal/application/mocks/RefreshTokenBatchSaver.go:37.77,39.2 1 0
github.com/whicu/hsa/internal/application/mocks/RefreshTokenBatchSaver.go:42.105,45.19 2 0
github.com/whicu/hsa/internal/application/mocks/RefreshTokenBatchSaver.go:45.19,46.49 1 0
github.com/whicu/hsa/internal/application/mocks/RefreshTokenBatchSaver.go:49.2,50.93 2 0
github.com/whicu/hsa/internal/application/mocks/RefreshTokenBatchSaver.go:50.93,52.3 1 0
github.com/whicu/hsa/internal/application/mocks/RefreshTokenBatchSaver.go:52.8,54.3 1 0
github.com/whicu/hsa/internal/application/mocks/RefreshTokenBatchSaver.go:55.2,55.11 1 0
github.com/whicu/hsa/internal/application/mocks/RefreshTokenBatchSaver.go:66.110,68.2 1 0
github.com/whicu/hsa/internal/application/mocks/RefreshTokenBatchSaver.go:70.152,71.40 1 0
github.com/whicu/hsa/internal/application/mocks/RefreshTokenBatchSaver.go:71.40,73.21 2 0
github.com/whicu/hsa/internal/application/mocks/RefreshTokenBatchSaver.go:73.21,75.4 1 0
github.com/whicu/hsa/internal/application/mocks/RefreshTokenBatchSaver.go:76.3,77.21 2 0
github.com/whicu/hsa/internal/application/mocks/RefreshTokenBatchSaver.go:77.21,79.4 1 0
github.com/whicu/hsa/internal/application/mocks/RefreshTokenBatchSaver.go:80.3,83.4 1 0
github.com/whicu/hsa/internal/application/mocks/RefreshTokenBatchSaver.go:85.2,85.11 1 0
github.com/whicu/hsa/internal/application/mocks/RefreshTokenBatchSaver.go:88.103,91.2 2 0
github.com/whicu/hsa/internal/application/mocks/RefreshTokenBatchSaver.go:93.167,96.2 2 0
github.com/whicu/hsa/internal/application/mocks/RefreshTokenFinder.go:19.24,23.19 3 0
github.com/whicu/hsa/internal/application/mocks/RefreshTokenFinder.go:23.19,23.49 1 0
github.com/whicu/hsa/internal/application/mocks/RefreshTokenFinder.go:25.2,25.13 1 0
github.com/whicu/hsa/internal/application/mocks/RefreshTokenFinder.go:37.69,39.2 1 0
github.com/whicu/hsa/internal/application/mocks/RefreshTokenFinder.go:42.115,45.19 2 0
github.com/whicu/hsa/internal/application/mocks/RefreshTokenFinder.go:45.19,46.57 1 0
github.com/whicu/hsa/internal/application/mocks/RefreshTokenFinder.go:49.2,51.101 3 0
github.com/whicu/hsa/internal/application/mocks/RefreshTokenFinder.go:51.101,53.3 1 0
github.com/whicu/hsa/internal/application/mocks/RefreshTokenFinder.go:54.2,54.92 1 0
github.com/whicu/hsa/internal/application/mocks/RefreshTokenFinder.go:54.92,56.3 1 0
github.com/whicu/hsa/internal/application/mocks/RefreshTokenFinder.go:56.8,57.24 1 0
github.com/whicu/hsa/internal/application/mocks/RefreshTokenFinder.go:57.24,59.4 1 0
github.com/whicu/hsa/internal/application/mocks/RefreshTokenFinder.go:61.2,61.76 1 0
github.com/whicu/hsa/internal/application/mocks/RefreshTokenFinder.go:61.76,63.3 1 0
github.com/whicu/hsa/internal/application/mocks/RefreshTokenFinder.go:63.8,65.3 1 0
github.com/whicu/hsa/internal/application/mocks/RefreshTokenFinder.go:66.2,66.15 1 0
github.com/whicu/hsa/internal/application/mocks/RefreshTokenFinder.go:77.116,79.2 1 0
github.com/whicu/hsa/internal/application/mocks/RefreshTokenFinder.go:81.141,82.40 1 0
github.com/whicu/hsa/internal/application/mocks/RefreshTokenFinder.go:82.40,84.21 2 0
github.com/whicu/hsa/internal/application/mocks/RefreshTokenFinder.go:84.21,86.4 1 0
github.com/whicu/hsa/internal/application/mocks/RefreshTokenFinder.go:87.3,88.21 2 0
github.com/whicu/hsa/internal/application/mocks/RefreshTokenFinder.go:88.21,90.4 1 0
github.com/whicu/hsa/internal/application/mocks/RefreshTokenFinder.go:91.3,94.4 1 0
github.com/whicu/hsa/internal/application/mocks/RefreshTokenFinder.go:96.2,96.11 1 0
github.com/whicu/hsa/internal/application/mocks/RefreshTokenFinder.go:99.147,102.2 2 0
github.com/whicu/hsa/internal/application/mocks/RefreshTokenFinder.go:104.181,107.2 2 0
github.com/whicu/hsa/internal/application/mocks/RefreshTokenSaver.go:19.23,23.19 3 0
github.com/whicu/hsa/internal/application/mocks/RefreshTokenSaver.go:23.19,23.49 1 0
github.com/whicu/hsa/internal/application/mocks/RefreshTokenSaver.go:25.2,25.13 1 0
github.com/whicu/hsa/internal/application/mocks/RefreshTokenSaver.go:37.67,39.2 1 0
github.com/whicu/hsa/internal/application/mocks/RefreshTokenSaver.go:42.90,45.19 2 0
github.com/whicu/hsa/internal/application/mocks/RefreshTokenSaver.go:45.19,46.46 1 0
github.com/whicu/hsa/internal/application/mocks/RefreshTokenSaver.go:49.2,50.91 2 0
github.com/whicu/hsa/internal/application/mocks/RefreshTokenSaver.go:50.91,52.3 1 0
github.com/whicu/hsa/internal/application/mocks/RefreshTokenSaver.go:52.8,54.3 1 0
github.com/whicu/hsa/internal/application/mocks/RefreshTokenSaver.go:55.2,55.11 1 0
github.com/whicu/hsa/internal/application/mocks/RefreshTokenSaver.go:66.89,68.2 1 0
github.com/whicu/hsa/internal/application/mocks/RefreshTokenSaver.go:70.129,71.40 1 0
github.com/whicu/hsa/internal/application/mocks/RefreshTokenSaver.go:71.40,73.21 2 0
github.com/whicu/hsa/internal/application/mocks/RefreshTokenSaver.go:73.21,75.4 1 0
github.com/whicu/hsa/internal/application/mocks/RefreshTokenSaver.go:76.3,77.21 2 0
github.com/whicu/hsa/internal/application/mocks/RefreshTokenSaver.go:77.21,79.4 1 0
github.com/whicu/hsa/internal/application/mocks/RefreshTokenSaver.go:80.3,83.4 1 0
github.com/whicu/hsa/internal/application/mocks/RefreshTokenSaver.go:85.2,85.11 1 0
github.com/whicu/hsa/internal/application/mocks/RefreshTokenSaver.go:88.87,91.2 2 0
github.com/whicu/hsa/internal/application/mocks/RefreshTokenSaver.go:93.144,96.2 2 0
github.com/whicu/hsa/internal/application/mocks/Registrator.go:21.17,25.19 3 0
github.com/whicu/hsa/internal/application/mocks/Registrator.go:25.19,25.49 1 0
github.com/whicu/hsa/internal/application/mocks/Registrator.go:27.2,27.13 1 0
github.com/whicu/hsa/internal/application/mocks/Registrator.go:39.55,41.2 1 0
github.com/whicu/hsa/internal/application/mocks/Registrator.go:44.133,47.19 2 0
github.com/whicu/hsa/internal/application/mocks/Registrator.go:47.19,48.47 1 0
github.com/whicu/hsa/internal/application/mocks/Registrator.go:51.2,54.116 4 0
github.com/whicu/hsa/internal/application/mocks/Registrator.go:54.116,56.3 1 0
github.com/whicu/hsa/internal/application/mocks/Registrator.go:57.2,57.99 1 0
github.com/whicu/hsa/internal/application/mocks/Registrator.go:57.99,59.3 1 0
github.com/whicu/hsa/internal/application/mocks/Registrator.go:59.8,61.3 1 0
github.com/whicu/hsa/internal/application/mocks/Registrator.go:62.2,62.99 1 0
github.com/whicu/hsa/internal/application/mocks/Registrator.go:62.99,64.3 1 0
github.com/whicu/hsa/internal/application/mocks/Registrator.go:64.8,65.24 1 0
github.com/whicu/hsa/internal/application/mocks/Registrator.go:65.24,67.4 1 0
github.com/whicu/hsa/internal/application/mocks/Registrator.go:69.2,69.98 1 0
github.com/whicu/hsa/internal/application/mocks/Registrator.go:69.98,71.3 1 0
github.com/whicu/hsa/internal/application/mocks/Registrator.go:71.8,73.3 1 0
github.com/whicu/hsa/internal/application/mocks/Registrator.go:74.2,74.19 1 0
github.com/whicu/hsa/internal/application/mocks/Registrator.go:86.107,88.2 1 0
github.com/whicu/hsa/internal/application/mocks/Registrator.go:90.149,91.40 1 0
github.com/whicu/hsa/internal/application/mocks/Registrator.go:91.40,93.21 2 0
github.com/whicu/hsa/internal/application/mocks/Registrator.go:93.21,95.4 1 0
github.com/whicu/hsa/internal/application/mocks/Registrator.go:96.3,97.21 2 0
github.com/whicu/hsa/internal/application/mocks/Registrator.go:97.21,99.4 1 0
github.com/whicu/hsa/internal/application/mocks/Registrator.go:100.3,101.21 2 0
github.com/whicu/hsa/internal/application/mocks/Registrator.go:101.21,103.4 1 0
github.com/whicu/hsa/internal/application/mocks/Registrator.go:104.3,108.4 1 0
github.com/whicu/hsa/internal/application/mocks/Registrator.go:110.2,110.11 1 0
github.com/whicu/hsa/internal/application/mocks/Registrator.go:113.124,116.2 2 0
github.com/whicu/hsa/internal/application/mocks/Registrator.go:118.182,121.2 2 0
github.com/whicu/hsa/internal/application/mocks/Registrator.go:124.135,127.19 2 0
github.com/whicu/hsa/internal/application/mocks/Registrator.go:127.19,128.48 1 0
github.com/whicu/hsa/internal/application/mocks/Registrator.go:131.2,133.118 3 0
github.com/whicu/hsa/internal/application/mocks/Registrator.go:133.118,135.3 1 0
github.com/whicu/hsa/internal/application/mocks/Registrator.go:136.2,136.109 1 0
github.com/whicu/hsa/internal/application/mocks/Registrator.go:136.109,138.3 1 0
github.com/whicu/hsa/internal/application/mocks/Registrator.go:138.8,140.3 1 0
github.com/whicu/hsa/internal/application/mocks/Registrator.go:141.2,141.84 1 0
github.com/whicu/hsa/internal/application/mocks/Registrator.go:141.84,143.3 1 0
github.com/whicu/hsa/internal/application/mocks/Registrator.go:143.8,145.3 1 0
github.com/whicu/hsa/internal/application/mocks/Registrator.go:146.2,146.15 1 0
github.com/whicu/hsa/internal/application/mocks/Registrator.go:158.108,160.2 1 0
github.com/whicu/hsa/internal/application/mocks/Registrator.go:162.136,163.40 1 0
github.com/whicu/hsa/internal/application/mocks/Registrator.go:163.40,165.21 2 0
github.com/whicu/hsa/internal/application/mocks/Registrator.go:165.21,167.4 1 0
github.com/whicu/hsa/internal/application/mocks/Registrator.go:168.3,169.21 2 0
github.com/whicu/hsa/internal/application/mocks/Registrator.go:169.21,171.4 1 0
github.com/whicu/hsa/internal/application/mocks/Registrator.go:172.3,173.21 2 0
github.com/whicu/hsa/internal/application/mocks/Registrator.go:173.21,175.4 1 0
github.com/whicu/hsa/internal/application/mocks/Registrator.go:176.3,180.4 1 0
github.com/whicu/hsa/internal/application/mocks/Registrator.go:182.2,182.11 1 0
github.com/whicu/hsa/internal/application/mocks/Registrator.go:185.130,188.2 2 0
github.com/whicu/hsa/internal/application/mocks/Registrator.go:190.185,193.2 2 0
github.com/whicu/hsa/internal/application/mocks/TokenGenerator.go:16.20,20.19 3 0
github.com/whicu/hsa/internal/application/mocks/TokenGenerator.go:20.19,20.49 1 0
github.com/whicu/hsa/internal/application/mocks/TokenGenerator.go:22.2,22.13 1 0
github.com/whicu/hsa/internal/application/mocks/TokenGenerator.go:34.61,36.2 1 0
github.com/whicu/hsa/internal/application/mocks/TokenGenerator.go:39.80,42.19 2 0
github.com/whicu/hsa/internal/application/mocks/TokenGenerator.go:42.19,43.55 1 0
github.com/whicu/hsa/internal/application/mocks/TokenGenerator.go:46.2,49.74 4 0
github.com/whicu/hsa/internal/application/mocks/TokenGenerator.go:49.74,51.3 1 0
github.com/whicu/hsa/internal/application/mocks/TokenGenerator.go:52.2,52.57 1 0
github.com/whicu/hsa/internal/application/mocks/TokenGenerator.go:52.57,54.3 1 0
github.com/whicu/hsa/internal/application/mocks/TokenGenerator.go:54.8,56.3 1 0
github.com/whicu/hsa/internal/application/mocks/TokenGenerator.go:57.2,57.57 1 0
github.com/whicu/hsa/internal/application/mocks/TokenGenerator.go:57.57,59.3 1 0
github.com/whicu/hsa/internal/application/mocks/TokenGenerator.go:59.8,61.3 1 0
github.com/whicu/hsa/internal/application/mocks/TokenGenerator.go:62.2,62.56 1 0
github.com/whicu/hsa/internal/application/mocks/TokenGenerator.go:62.56,64.3 1 0
github.com/whicu/hsa/internal/application/mocks/TokenGenerator.go:64.8,66.3 1 0
github.com/whicu/hsa/internal/application/mocks/TokenGenerator.go:67.2,67.19 1 0
github.com/whicu/hsa/internal/application/mocks/TokenGenerator.go:77.97,79.2 1 0
github.com/whicu/hsa/internal/application/mocks/TokenGenerator.go:81.107,82.40 1 0
github.com/whicu/hsa/internal/application/mocks/TokenGenerator.go:82.40,84.21 2 0
github.com/whicu/hsa/internal/application/mocks/TokenGenerator.go:84.21,86.4 1 0
github.com/whicu/hsa/internal/application/mocks/TokenGenerator.go:87.3,89.4 1 0
github.com/whicu/hsa/internal/application/mocks/TokenGenerator.go:91.2,91.11 1 0
github.com/whicu/hsa/internal/application/mocks/TokenGenerator.go:94.126,97.2 2 0
github.com/whicu/hsa/internal/application/mocks/TokenGenerator.go:99.140,102.2 2 0
github.com/whicu/hsa/internal/application/mocks/TokenIssuer.go:19.17,23.19 3 0
github.com/whicu/hsa/internal/application/mocks/TokenIssuer.go:23.19,23.49 1 0
github.com/whicu/hsa/internal/application/mocks/TokenIssuer.go:25.2,25.13 1 0
github.com/whicu/hsa/internal/application/mocks/TokenIssuer.go:37.55,39.2 1 0
github.com/whicu/hsa/internal/application/mocks/TokenIssuer.go:42.99,45.19 2 0
github.com/whicu/hsa/internal/application/mocks/TokenIssuer.go:45.19,46.58 1 0
github.com/whicu/hsa/internal/application/mocks/TokenIssuer.go:49.2,51.89 3 0
github.com/whicu/hsa/internal/application/mocks/TokenIssuer.go:51.89,53.3 1 0
github.com/whicu/hsa/internal/application/mocks/TokenIssuer.go:54.2,54.80 1 0
github.com/whicu/hsa/internal/application/mocks/TokenIssuer.go:54.80,56.3 1 0
github.com/whicu/hsa/internal/application/mocks/TokenIssuer.go:56.8,58.3 1 0
github.com/whicu/hsa/internal/application/mocks/TokenIssuer.go:59.2,59.79 1 0
github.com/whicu/hsa/internal/application/mocks/TokenIssuer.go:59.79,61.3 1 0
github.com/whicu/hsa/internal/application/mocks/TokenIssuer.go:61.8,63.3 1 0
github.com/whicu/hsa/internal/application/mocks/TokenIssuer.go:64.2,64.15 1 0
github.com/whicu/hsa/internal/application/mocks/TokenIssuer.go:75.106,77.2 1 0
github.com/whicu/hsa/internal/application/mocks/TokenIssuer.go:79.134,80.40 1 0
github.com/whicu/hsa/internal/application/mocks/TokenIssuer.go:80.40,82.21 2 0
github.com/whicu/hsa/internal/application/mocks/TokenIssuer.go:82.21,84.4 1 0
github.com/whicu/hsa/internal/application/mocks/TokenIssuer.go:85.3,86.21 2 0
github.com/whicu/hsa/internal/application/mocks/TokenIssuer.go:86.21,88.4 1 0
github.com/whicu/hsa/internal/application/mocks/TokenIssuer.go:89.3,92.4 1 0
github.com/whicu/hsa/internal/application/mocks/TokenIssuer.go:94.2,94.11 1 0
github.com/whicu/hsa/internal/application/mocks/TokenIssuer.go:97.109,100.2 2 0
github.com/whicu/hsa/internal/application/mocks/TokenIssuer.go:102.159,105.2 2 0
github.com/whicu/hsa/internal/application/mocks/Transactor.go:18.16,22.19 3 0
github.com/whicu/hsa/internal/application/mocks/Transactor.go:22.19,22.49 1 0
github.com/whicu/hsa/internal/application/mocks/Transactor.go:24.2,24.13 1 0
github.com/whicu/hsa/internal/application/mocks/Transactor.go:36.53,38.2 1 0
github.com/whicu/hsa/internal/application/mocks/Transactor.go:41.106,44.19 2 0
github.com/whicu/hsa/internal/application/mocks/Transactor.go:44.19,45.58 1 0
github.com/whicu/hsa/internal/application/mocks/Transactor.go:48.2,49.101 2 0
github.com/whicu/hsa/internal/application/mocks/Transactor.go:49.101,51.3 1 0
github.com/whicu/hsa/internal/application/mocks/Transactor.go:51.8,53.3 1 0
github.com/whicu/hsa/internal/application/mocks/Transactor.go:54.2,54.11 1 0
github.com/whicu/hsa/internal/application/mocks/Transactor.go:65.100,67.2 1 0
github.com/whicu/hsa/internal/application/mocks/Transactor.go:69.150,70.40 1 0
github.com/whicu/hsa/internal/application/mocks/Transactor.go:70.40,72.21 2 0
github.com/whicu/hsa/internal/application/mocks/Transactor.go:72.21,74.4 1 0
github.com/whicu/hsa/internal/application/mocks/Transactor.go:75.3,76.21 2 0
github.com/whicu/hsa/internal/application/mocks/Transactor.go:76.21,78.4 1 0
github.com/whicu/hsa/internal/application/mocks/Transactor.go:79.3,82.4 1 0
github.com/whicu/hsa/internal/application/mocks/Transactor.go:84.2,84.11 1 0
github.com/whicu/hsa/internal/application/mocks/Transactor.go:87.97,90.2 2 0
github.com/whicu/hsa/internal/application/mocks/Transactor.go:92.165,95.2 2 0
github.com/whicu/hsa/internal/application/mocks/UserDescendantsFinder.go:19.27,23.19 3 0
github.com/whicu/hsa/internal/application/mocks/UserDescendantsFinder.go:23.19,23.49 1 0
github.com/whicu/hsa/internal/application/mocks/UserDescendantsFinder.go:25.2,25.13 1 0
github.com/whicu/hsa/internal/application/mocks/UserDescendantsFinder.go:37.75,39.2 1 0
github.com/whicu/hsa/internal/application/mocks/UserDescendantsFinder.go:42.111,45.19 2 0
github.com/whicu/hsa/internal/application/mocks/UserDescendantsFinder.go:45.19,46.53 1 0
github.com/whicu/hsa/internal/application/mocks/UserDescendantsFinder.go:49.2,51.98 3 0
github.com/whicu/hsa/internal/application/mocks/UserDescendantsFinder.go:51.98,53.3 1 0
github.com/whicu/hsa/internal/application/mocks/UserDescendantsFinder.go:54.2,54.89 1 0
github.com/whicu/hsa/internal/application/mocks/UserDescendantsFinder.go:54.89,56.3 1 0
github.com/whicu/hsa/internal/application/mocks/UserDescendantsFinder.go:56.8,57.24 1 0
github.com/whicu/hsa/internal/application/mocks/UserDescendantsFinder.go:57.24,59.4 1 0
github.com/whicu/hsa/internal/application/mocks/UserDescendantsFinder.go:61.2,61.81 1 0
github.com/whicu/hsa/internal/application/mocks/UserDescendantsFinder.go:61.81,63.3 1 0
github.com/whicu/hsa/internal/application/mocks/UserDescendantsFinder.go:63.8,65.3 1 0
github.com/whicu/hsa/internal/application/mocks/UserDescendantsFinder.go:66.2,66.15 1 0
github.com/whicu/hsa/internal/application/mocks/UserDescendantsFinder.go:77.114,79.2 1 0
github.com/whicu/hsa/internal/application/mocks/UserDescendantsFinder.go:81.144,82.40 1 0
github.com/whicu/hsa/internal/application/mocks/UserDescendantsFinder.go:82.40,84.21 2 0
github.com/whicu/hsa/internal/application/mocks/UserDescendantsFinder.go:84.21,86.4 1 0
github.com/whicu/hsa/internal/application/mocks/UserDescendantsFinder.go:87.3,88.21 2 0
github.com/whicu/hsa/internal/application/mocks/UserDescendantsFinder.go:88.21,90.4 1 0
github.com/whicu/hsa/internal/application/mocks/UserDescendantsFinder.go:91.3,94.4 1 0
github.com/whicu/hsa/internal/application/mocks/UserDescendantsFinder.go:96.2,96.11 1 0
github.com/whicu/hsa/internal/application/mocks/UserDescendantsFinder.go:99.127,102.2 2 0
github.com/whicu/hsa/internal/application/mocks/UserDescendantsFinder.go:104.176,107.2 2 0
github.com/whicu/hsa/internal/application/mocks/UserSaver.go:19.15,23.19 3 0
github.com/whicu/hsa/internal/application/mocks/UserSaver.go:23.19,23.49 1 0
github.com/whicu/hsa/internal/application/mocks/UserSaver.go:25.2,25.13 1 0
github.com/whicu/hsa/internal/application/mocks/UserSaver.go:37.51,39.2 1 0
github.com/whicu/hsa/internal/application/mocks/UserSaver.go:42.71,45.19 2 0
github.com/whicu/hsa/internal/application/mocks/UserSaver.go:45.19,46.46 1 0
github.com/whicu/hsa/internal/application/mocks/UserSaver.go:49.2,50.80 2 0
github.com/whicu/hsa/internal/application/mocks/UserSaver.go:50.80,52.3 1 0
github.com/whicu/hsa/internal/application/mocks/UserSaver.go:52.8,54.3 1 0
github.com/whicu/hsa/internal/application/mocks/UserSaver.go:55.2,55.11 1 0
github.com/whicu/hsa/internal/application/mocks/UserSaver.go:66.73,68.2 1 0
github.com/whicu/hsa/internal/application/mocks/UserSaver.go:70.102,71.40 1 0
github.com/whicu/hsa/internal/application/mocks/UserSaver.go:71.40,73.21 2 0
github.com/whicu/hsa/internal/application/mocks/UserSaver.go:73.21,75.4 1 0
github.com/whicu/hsa/internal/application/mocks/UserSaver.go:76.3,77.21 2 0
github.com/whicu/hsa/internal/application/mocks/UserSaver.go:77.21,79.4 1 0
github.com/whicu/hsa/internal/application/mocks/UserSaver.go:80.3,83.4 1 0
github.com/whicu/hsa/internal/application/mocks/UserSaver.go:85.2,85.11 1 0
github.com/whicu/hsa/internal/application/mocks/UserSaver.go:88.71,91.2 2 0
github.com/whicu/hsa/internal/application/mocks/UserSaver.go:93.117,96.2 2 0
github.com/whicu/hsa/internal/application/mocks/WrappedKeySaver.go:19.21,23.19 3 0
github.com/whicu/hsa/internal/application/mocks/WrappedKeySaver.go:23.19,23.49 1 0
github.com/whicu/hsa/internal/application/mocks/WrappedKeySaver.go:25.2,25.13 1 0
github.com/whicu/hsa/internal/application/mocks/WrappedKeySaver.go:37.63,39.2 1 0
github.com/whicu/hsa/internal/application/mocks/WrappedKeySaver.go:42.90,45.19 2 0
github.com/whicu/hsa/internal/application/mocks/WrappedKeySaver.go:45.19,46.49 1 0
github.com/whicu/hsa/internal/application/mocks/WrappedKeySaver.go:49.2,50.87 2 0
github.com/whicu/hsa/internal/application/mocks/WrappedKeySaver.go:50.87,52.3 1 0
github.com/whicu/hsa/internal/application/mocks/WrappedKeySaver.go:52.8,54.3 1 0
github.com/whicu/hsa/internal/application/mocks/WrappedKeySaver.go:55.2,55.11 1 0
github.com/whicu/hsa/internal/application/mocks/WrappedKeySaver.go:66.94,68.2 1 0
github.com/whicu/hsa/internal/application/mocks/WrappedKeySaver.go:70.130,71.40 1 0
github.com/whicu/hsa/internal/application/mocks/WrappedKeySaver.go:71.40,73.21 2 0
github.com/whicu/hsa/internal/application/mocks/WrappedKeySaver.go:73.21,75.4 1 0
github.com/whicu/hsa/internal/application/mocks/WrappedKeySaver.go:76.3,77.21 2 0
github.com/whicu/hsa/internal/application/mocks/WrappedKeySaver.go:77.21,79.4 1 0
github.com/whicu/hsa/internal/application/mocks/WrappedKeySaver.go:80.3,83.4 1 0
github.com/whicu/hsa/internal/application/mocks/WrappedKeySaver.go:85.2,85.11 1 0
github.com/whicu/hsa/internal/application/mocks/WrappedKeySaver.go:88.89,91.2 2 0
github.com/whicu/hsa/internal/application/mocks/WrappedKeySaver.go:93.145,96.2 2 0
github.com/whicu/hsa/internal/di/di.go:21.26,23.42 1 0
github.com/whicu/hsa/internal/di/di.go:23.42,25.4 1 0
github.com/whicu/hsa/internal/di/di.go:30.2,40.3 6 0
github.com/whicu/hsa/internal/di/di.go:42.2,42.17 1 0
github.com/whicu/hsa/internal/di/di.go:45.40,47.16 2 0
github.com/whicu/hsa/internal/di/di.go:47.16,49.3 1 0
github.com/whicu/hsa/internal/di/di.go:50.2,51.16 2 0
github.com/whicu/hsa/internal/di/di.go:51.16,53.3 1 0
github.com/whicu/hsa/internal/di/di.go:60.2,61.16 2 0
github.com/whicu/hsa/internal/di/di.go:61.16,63.3 1 0
github.com/whicu/hsa/internal/di/di.go:64.2,65.16 2 0
github.com/whicu/hsa/internal/di/di.go:65.16,67.3 1 0
github.com/whicu/hsa/internal/di/di.go:69.2,93.38 7 0
github.com/whicu/hsa/internal/di/di.go:93.38,95.3 1 0
github.com/whicu/hsa/internal/di/di.go:96.2,96.12 1 0
github.com/whicu/hsa/internal/di/di.go:99.35,102.2 2 0
github.com/whicu/hsa/internal/domain/errors.go:13.42,15.2 1 0
github.com/whicu/hsa/internal/domain/errors.go:17.40,19.2 1 0
github.com/whicu/hsa/internal/domain/validate.go:7.34,9.2 1 0
github.com/whicu/hsa/internal/domain/session/session.go:38.33,39.15 1 1
github.com/whicu/hsa/internal/domain/session/session.go:39.15,40.17 1 1
github.com/whicu/hsa/internal/domain/session/session.go:40.17,42.4 1 1
github.com/whicu/hsa/internal/domain/session/session.go:44.2,44.20 1 1
github.com/whicu/hsa/internal/domain/session/session.go:44.20,46.3 1 1
github.com/whicu/hsa/internal/domain/session/session.go:47.2,47.24 1 1
github.com/whicu/hsa/internal/domain/session/session.go:47.24,49.3 1 1
github.com/whicu/hsa/internal/domain/session/session.go:50.2,50.21 1 1
github.com/whicu/hsa/internal/domain/session/session.go:50.21,52.3 1 1
github.com/whicu/hsa/internal/domain/session/session.go:53.2,57.8 1 1
github.com/whicu/hsa/internal/domain/session/session.go:60.45,60.60 1 0
github.com/whicu/hsa/internal/domain/session/session.go:61.45,61.64 1 0
github.com/whicu/hsa/internal/domain/session/session.go:62.45,62.68 1 0
github.com/whicu/hsa/internal/domain/session/session.go:63.45,63.67 1 0
github.com/whicu/hsa/internal/domain/session/session.go:64.45,64.74 1 0
github.com/whicu/hsa/internal/domain/session/session.go:66.52,68.2 1 1
github.com/whicu/hsa/internal/domain/session/session.go:70.52,71.24 1 1
github.com/whicu/hsa/internal/domain/session/session.go:71.24,73.3 1 1
github.com/whicu/hsa/internal/domain/session/session.go:74.2,75.12 2 1
github.com/whicu/hsa/internal/domain/session/session.go:79.40,80.14 1 1
github.com/whicu/hsa/internal/domain/session/session.go:80.14,82.3 1 1
github.com/whicu/hsa/internal/domain/session/session.go:83.2,83.241 1 1
github.com/whicu/hsa/internal/domain/user/user.go:18.46,20.16 2 1
github.com/whicu/hsa/internal/domain/user/user.go:20.16,22.3 1 0
github.com/whicu/hsa/internal/domain/user/user.go:23.2,23.16 1 1
github.com/whicu/hsa/internal/domain/user/user.go:32.81,33.15 1 1
github.com/whicu/hsa/internal/domain/user/user.go:33.15,34.17 1 1
github.com/whicu/hsa/internal/domain/user/user.go:34.17,36.4 1 1
github.com/whicu/hsa/internal/domain/user/user.go:38.2,38.20 1 1
github.com/whicu/hsa/internal/domain/user/user.go:38.20,40.3 1 1
github.com/whicu/hsa/internal/domain/user/user.go:41.2,41.27 1 1
github.com/whicu/hsa/internal/domain/user/user.go:41.27,43.3 1 1
github.com/whicu/hsa/internal/domain/user/user.go:44.2,44.72 1 1
github.com/whicu/hsa/internal/domain/user/user.go:47.67,48.15 1 1
github.com/whicu/hsa/internal/domain/user/user.go:48.15,49.17 1 1
github.com/whicu/hsa/internal/domain/user/user.go:49.17,51.4 1 1
github.com/whicu/hsa/internal/domain/user/user.go:53.2,53.20 1 1
github.com/whicu/hsa/internal/domain/user/user.go:53.20,55.3 1 1
github.com/whicu/hsa/internal/domain/user/user.go:56.2,56.65 1 1
github.com/whicu/hsa/internal/domain/user/user.go:59.38,59.53 1 1
github.com/whicu/hsa/internal/domain/user/user.go:60.38,60.60 1 1
github.com/whicu/hsa/internal/domain/user/user.go:61.38,61.67 1 1
github.com/whicu/hsa/internal/domain/user/user.go:62.38,62.60 1 1
github.com/whicu/hsa/internal/infrastructure/auth/webauthn/authenticator.go:43.18,45.2 1 1
github.com/whicu/hsa/internal/infrastructure/auth/webauthn/authenticator.go:47.76,53.16 3 1
github.com/whicu/hsa/internal/infrastructure/auth/webauthn/authenticator.go:53.16,56.3 2 0
github.com/whicu/hsa/internal/infrastructure/auth/webauthn/authenticator.go:58.2,59.16 2 1
github.com/whicu/hsa/internal/infrastructure/auth/webauthn/authenticator.go:59.16,62.3 2 1
github.com/whicu/hsa/internal/infrastructure/auth/webauthn/authenticator.go:64.2,65.16 2 1
github.com/whicu/hsa/internal/infrastructure/auth/webauthn/authenticator.go:65.16,68.3 2 0
github.com/whicu/hsa/internal/infrastructure/auth/webauthn/authenticator.go:70.2,71.29 2 1
github.com/whicu/hsa/internal/infrastructure/auth/webauthn/authenticator.go:74.135,78.69 3 1
github.com/whicu/hsa/internal/infrastructure/auth/webauthn/authenticator.go:78.69,81.3 2 1
github.com/whicu/hsa/internal/infrastructure/auth/webauthn/authenticator.go:83.2,84.16 2 1
github.com/whicu/hsa/internal/infrastructure/auth/webauthn/authenticator.go:84.16,87.3 2 1
github.com/whicu/hsa/internal/infrastructure/auth/webauthn/authenticator.go:89.2,92.55 2 0
github.com/whicu/hsa/internal/infrastructure/auth/webauthn/authenticator.go:92.55,94.23 2 0
github.com/whicu/hsa/internal/infrastructure/auth/webauthn/authenticator.go:94.23,99.5 2 0
github.com/whicu/hsa/internal/infrastructure/auth/webauthn/authenticator.go:100.4,103.22 3 0
github.com/whicu/hsa/internal/infrastructure/auth/webauthn/authenticator.go:103.22,109.5 2 0
github.com/whicu/hsa/internal/infrastructure/auth/webauthn/authenticator.go:111.4,112.28 2 0
github.com/whicu/hsa/internal/infrastructure/auth/webauthn/authenticator.go:112.28,114.5 1 0
github.com/whicu/hsa/internal/infrastructure/auth/webauthn/authenticator.go:116.4,119.10 1 0
github.com/whicu/hsa/internal/infrastructure/auth/webauthn/authenticator.go:124.2,124.16 1 0
github.com/whicu/hsa/internal/infrastructure/auth/webauthn/authenticator.go:124.16,129.3 2 0
github.com/whicu/hsa/internal/infrastructure/auth/webauthn/authenticator.go:131.2,140.8 2 0
github.com/whicu/hsa/internal/infrastructure/auth/webauthn/authenticator.go:143.75,151.2 1 0
github.com/whicu/hsa/internal/infrastructure/auth/webauthn/registrator.go:37.70,37.88 1 1
github.com/whicu/hsa/internal/infrastructure/auth/webauthn/registrator.go:38.70,38.94 1 1
github.com/whicu/hsa/internal/infrastructure/auth/webauthn/registrator.go:39.70,39.94 1 1
github.com/whicu/hsa/internal/infrastructure/auth/webauthn/registrator.go:40.70,40.94 1 0
github.com/whicu/hsa/internal/infrastructure/auth/webauthn/registrator.go:49.122,51.2 1 1
github.com/whicu/hsa/internal/infrastructure/auth/webauthn/registrator.go:53.129,71.16 4 1
github.com/whicu/hsa/internal/infrastructure/auth/webauthn/registrator.go:71.16,78.3 2 0
github.com/whicu/hsa/internal/infrastructure/auth/webauthn/registrator.go:80.2,85.16 2 1
github.com/whicu/hsa/internal/infrastructure/auth/webauthn/registrator.go:85.16,92.3 2 1
github.com/whicu/hsa/internal/infrastructure/auth/webauthn/registrator.go:94.2,95.16 2 1
github.com/whicu/hsa/internal/infrastructure/auth/webauthn/registrator.go:95.16,102.3 2 0
github.com/whicu/hsa/internal/infrastructure/auth/webauthn/registrator.go:104.2,109.29 2 1
github.com/whicu/hsa/internal/infrastructure/auth/webauthn/registrator.go:112.131,116.69 3 1
github.com/whicu/hsa/internal/infrastructure/auth/webauthn/registrator.go:116.69,121.3 2 1
github.com/whicu/hsa/internal/infrastructure/auth/webauthn/registrator.go:123.2,124.16 2 1
github.com/whicu/hsa/internal/infrastructure/auth/webauthn/registrator.go:124.16,131.3 2 1
github.com/whicu/hsa/internal/infrastructure/auth/webauthn/registrator.go:133.2,135.16 3 0
github.com/whicu/hsa/internal/infrastructure/auth/webauthn/registrator.go:135.16,142.3 2 0
github.com/whicu/hsa/internal/infrastructure/auth/webauthn/registrator.go:143.2,146.35 3 0
github.com/whicu/hsa/internal/infrastructure/auth/webauthn/registrator.go:146.35,148.3 1 0
github.com/whicu/hsa/internal/infrastructure/auth/webauthn/registrator.go:150.2,164.8 2 0
github.com/whicu/hsa/internal/infrastructure/auth/webauthn/registrator.go:167.82,169.9 2 0
github.com/whicu/hsa/internal/infrastructure/auth/webauthn/registrator.go:169.9,171.3 1 0
github.com/whicu/hsa/internal/infrastructure/auth/webauthn/registrator.go:172.2,173.9 2 0
github.com/whicu/hsa/internal/infrastructure/auth/webauthn/registrator.go:173.9,175.3 1 0
github.com/whicu/hsa/internal/infrastructure/auth/webauthn/registrator.go:176.2,177.22 2 0
github.com/whicu/hsa/internal/infrastructure/crypto/secret_codec.go:20.67,22.2 1 1
github.com/whicu/hsa/internal/infrastructure/crypto/secret_codec.go:24.79,26.16 2 1
github.com/whicu/hsa/internal/infrastructure/crypto/secret_codec.go:26.16,28.3 1 1
github.com/whicu/hsa/internal/infrastructure/crypto/secret_codec.go:30.2,34.48 4 1
github.com/whicu/hsa/internal/infrastructure/crypto/secret_codec.go:37.63,41.16 3 1
github.com/whicu/hsa/internal/infrastructure/crypto/secret_codec.go:41.16,42.58 1 1
github.com/whicu/hsa/internal/infrastructure/crypto/secret_codec.go:42.58,44.4 1 1
github.com/whicu/hsa/internal/infrastructure/crypto/secret_codec.go:45.3,45.27 1 1
github.com/whicu/hsa/internal/infrastructure/crypto/secret_codec.go:48.2,49.16 2 1
github.com/whicu/hsa/internal/infrastructure/crypto/secret_codec.go:49.16,51.3 1 1
github.com/whicu/hsa/internal/infrastructure/crypto/secret_codec.go:53.2,53.41 1 1
github.com/whicu/hsa/internal/infrastructure/crypto/secret_manager.go:16.56,18.2 1 1
github.com/whicu/hsa/internal/infrastructure/crypto/secret_manager.go:21.42,22.15 1 1
github.com/whicu/hsa/internal/infrastructure/crypto/secret_manager.go:22.15,24.3 1 1
github.com/whicu/hsa/internal/infrastructure/crypto/secret_manager.go:25.2,25.51 1 1
github.com/whicu/hsa/internal/infrastructure/crypto/secret_manager.go:28.67,30.2 1 0
github.com/whicu/hsa/internal/infrastructure/crypto/secret_manager.go:32.79,34.2 1 0
github.com/whicu/hsa/internal/infrastructure/crypto/secret_manager.go:36.50,38.42 2 0
github.com/whicu/hsa/internal/infrastructure/crypto/secret_manager.go:38.42,40.3 1 0
github.com/whicu/hsa/internal/infrastructure/crypto/secret_manager.go:41.2,41.37 1 0
github.com/whicu/hsa/internal/infrastructure/crypto/secret_manager.go:44.65,47.16 3 0
github.com/whicu/hsa/internal/infrastructure/crypto/secret_manager.go:47.16,49.3 1 0
github.com/whicu/hsa/internal/infrastructure/crypto/secret_manager.go:50.2,51.17 2 0
github.com/whicu/hsa/internal/infrastructure/crypto/secret_manager.go:54.71,56.16 2 0
github.com/whicu/hsa/internal/infrastructure/crypto/secret_manager.go:56.16,58.3 1 0
github.com/whicu/hsa/internal/infrastructure/crypto/secret_manager.go:59.2,59.37 1 0
github.com/whicu/hsa/internal/infrastructure/crypto/secret_manager.go:62.75,64.16 2 0
github.com/whicu/hsa/internal/infrastructure/crypto/secret_manager.go:64.16,66.3 1 0
github.com/whicu/hsa/internal/infrastructure/crypto/secret_manager.go:67.2,68.16 2 0
github.com/whicu/hsa/internal/infrastructure/crypto/secret_manager.go:68.16,70.3 1 0
github.com/whicu/hsa/internal/infrastructure/crypto/secret_manager.go:71.2,71.23 1 0
github.com/whicu/hsa/internal/infrastructure/auth/webauthn/mocks/ChallengeCodec.go:18.20,22.19 3 0
github.com/whicu/hsa/internal/infrastructure/auth/webauthn/mocks/ChallengeCodec.go:22.19,22.49 1 0
github.com/whicu/hsa/internal/infrastructure/auth/webauthn/mocks/ChallengeCodec.go:24.2,24.13 1 0
github.com/whicu/hsa/internal/infrastructure/auth/webauthn/mocks/ChallengeCodec.go:36.61,38.2 1 0
github.com/whicu/hsa/internal/infrastructure/auth/webauthn/mocks/ChallengeCodec.go:41.66,44.19 2 0
github.com/whicu/hsa/internal/infrastructure/auth/webauthn/mocks/ChallengeCodec.go:44.19,45.48 1 0
github.com/whicu/hsa/internal/infrastructure/auth/webauthn/mocks/ChallengeCodec.go:48.2,49.64 2 0
github.com/whicu/hsa/internal/infrastructure/auth/webauthn/mocks/ChallengeCodec.go:49.64,51.3 1 0
github.com/whicu/hsa/internal/infrastructure/auth/webauthn/mocks/ChallengeCodec.go:51.8,53.3 1 0
github.com/whicu/hsa/internal/infrastructure/auth/webauthn/mocks/ChallengeCodec.go:54.2,54.11 1 0
github.com/whicu/hsa/internal/infrastructure/auth/webauthn/mocks/ChallengeCodec.go:65.91,67.2 1 0
github.com/whicu/hsa/internal/infrastructure/auth/webauthn/mocks/ChallengeCodec.go:69.104,70.40 1 0
github.com/whicu/hsa/internal/infrastructure/auth/webauthn/mocks/ChallengeCodec.go:70.40,72.21 2 0
github.com/whicu/hsa/internal/infrastructure/auth/webauthn/mocks/ChallengeCodec.go:72.21,74.4 1 0
github.com/whicu/hsa/internal/infrastructure/auth/webauthn/mocks/ChallengeCodec.go:75.3,76.21 2 0
github.com/whicu/hsa/internal/infrastructure/auth/webauthn/mocks/ChallengeCodec.go:76.21,78.4 1 0
github.com/whicu/hsa/internal/infrastructure/auth/webauthn/mocks/ChallengeCodec.go:79.3,82.4 1 0
github.com/whicu/hsa/internal/infrastructure/auth/webauthn/mocks/ChallengeCodec.go:84.2,84.11 1 0
github.com/whicu/hsa/internal/infrastructure/auth/webauthn/mocks/ChallengeCodec.go:87.85,90.2 2 0
github.com/whicu/hsa/internal/infrastructure/auth/webauthn/mocks/ChallengeCodec.go:92.119,95.2 2 0
github.com/whicu/hsa/internal/infrastructure/auth/webauthn/mocks/ChallengeCodec.go:98.85,101.19 2 0
github.com/whicu/hsa/internal/infrastructure/auth/webauthn/mocks/ChallengeCodec.go:101.19,102.48 1 0
github.com/whicu/hsa/internal/infrastructure/auth/webauthn/mocks/ChallengeCodec.go:105.2,107.81 3 0
github.com/whicu/hsa/internal/infrastructure/auth/webauthn/mocks/ChallengeCodec.go:107.81,109.3 1 0
github.com/whicu/hsa/internal/infrastructure/auth/webauthn/mocks/ChallengeCodec.go:110.2,110.72 1 0
github.com/whicu/hsa/internal/infrastructure/auth/webauthn/mocks/ChallengeCodec.go:110.72,112.3 1 0
github.com/whicu/hsa/internal/infrastructure/auth/webauthn/mocks/ChallengeCodec.go:112.8,114.3 1 0
github.com/whicu/hsa/internal/infrastructure/auth/webauthn/mocks/ChallengeCodec.go:115.2,115.71 1 0
github.com/whicu/hsa/internal/infrastructure/auth/webauthn/mocks/ChallengeCodec.go:115.71,117.3 1 0
github.com/whicu/hsa/internal/infrastructure/auth/webauthn/mocks/ChallengeCodec.go:117.8,119.3 1 0
github.com/whicu/hsa/internal/infrastructure/auth/webauthn/mocks/ChallengeCodec.go:120.2,120.15 1 0
github.com/whicu/hsa/internal/infrastructure/auth/webauthn/mocks/ChallengeCodec.go:131.93,133.2 1 0
github.com/whicu/hsa/internal/infrastructure/auth/webauthn/mocks/ChallengeCodec.go:135.113,136.40 1 0
github.com/whicu/hsa/internal/infrastructure/auth/webauthn/mocks/ChallengeCodec.go:136.40,138.21 2 0
github.com/whicu/hsa/internal/infrastructure/auth/webauthn/mocks/ChallengeCodec.go:138.21,140.4 1 0
github.com/whicu/hsa/internal/infrastructure/auth/webauthn/mocks/ChallengeCodec.go:141.3,142.21 2 0
github.com/whicu/hsa/internal/infrastructure/auth/webauthn/mocks/ChallengeCodec.go:142.21,144.4 1 0
github.com/whicu/hsa/internal/infrastructure/auth/webauthn/mocks/ChallengeCodec.go:145.3,148.4 1 0
github.com/whicu/hsa/internal/infrastructure/auth/webauthn/mocks/ChallengeCodec.go:150.2,150.11 1 0
github.com/whicu/hsa/internal/infrastructure/auth/webauthn/mocks/ChallengeCodec.go:153.99,156.2 2 0
github.com/whicu/hsa/internal/infrastructure/auth/webauthn/mocks/ChallengeCodec.go:158.138,161.2 2 0
github.com/whicu/hsa/internal/infrastructure/auth/webauthn/mocks/CredentialsProvider.go:20.25,24.19 3 0
github.com/whicu/hsa/internal/infrastructure/auth/webauthn/mocks/CredentialsProvider.go:24.19,24.49 1 0
github.com/whicu/hsa/internal/infrastructure/auth/webauthn/mocks/CredentialsProvider.go:26.2,26.13 1 0
github.com/whicu/hsa/internal/infrastructure/auth/webauthn/mocks/CredentialsProvider.go:38.71,40.2 1 0
github.com/whicu/hsa/internal/infrastructure/auth/webauthn/mocks/CredentialsProvider.go:43.123,46.19 2 0
github.com/whicu/hsa/internal/infrastructure/auth/webauthn/mocks/CredentialsProvider.go:46.19,47.54 1 0
github.com/whicu/hsa/internal/infrastructure/auth/webauthn/mocks/CredentialsProvider.go:50.2,52.109 3 0
github.com/whicu/hsa/internal/infrastructure/auth/webauthn/mocks/CredentialsProvider.go:52.109,54.3 1 0
github.com/whicu/hsa/internal/infrastructure/auth/webauthn/mocks/CredentialsProvider.go:55.2,55.100 1 0
github.com/whicu/hsa/internal/infrastructure/auth/webauthn/mocks/CredentialsProvider.go:55.100,57.3 1 0
github.com/whicu/hsa/internal/infrastructure/auth/webauthn/mocks/CredentialsProvider.go:57.8,58.24 1 0
github.com/whicu/hsa/internal/infrastructure/auth/webauthn/mocks/CredentialsProvider.go:58.24,60.4 1 0
github.com/whicu/hsa/internal/infrastructure/auth/webauthn/mocks/CredentialsProvider.go:62.2,62.81 1 0
github.com/whicu/hsa/internal/infrastructure/auth/webauthn/mocks/CredentialsProvider.go:62.81,64.3 1 0
github.com/whicu/hsa/internal/infrastructure/auth/webauthn/mocks/CredentialsProvider.go:64.8,66.3 1 0
github.com/whicu/hsa/internal/infrastructure/auth/webauthn/mocks/CredentialsProvider.go:67.2,67.15 1 0
github.com/whicu/hsa/internal/infrastructure/auth/webauthn/mocks/CredentialsProvider.go:78.114,80.2 1 0
github.com/whicu/hsa/internal/infrastructure/auth/webauthn/mocks/CredentialsProvider.go:82.144,83.40 1 0
github.com/whicu/hsa/internal/infrastructure/auth/webauthn/mocks/CredentialsProvider.go:83.40,85.21 2 0
github.com/whicu/hsa/internal/infrastructure/auth/webauthn/mocks/CredentialsProvider.go:85.21,87.4 1 0
github.com/whicu/hsa/internal/infrastructure/auth/webauthn/mocks/CredentialsProvider.go:88.3,89.21 2 0
github.com/whicu/hsa/internal/infrastructure/auth/webauthn/mocks/CredentialsProvider.go:89.21,91.4 1 0
github.com/whicu/hsa/internal/infrastructure/auth/webauthn/mocks/CredentialsProvider.go:92.3,95.4 1 0
github.com/whicu/hsa/internal/infrastructure/auth/webauthn/mocks/CredentialsProvider.go:97.2,97.11 1 0
github.com/whicu/hsa/internal/infrastructure/auth/webauthn/mocks/CredentialsProvider.go:100.145,103.2 2 0
github.com/whicu/hsa/internal/infrastructure/auth/webauthn/mocks/CredentialsProvider.go:105.187,108.2 2 0
github.com/whicu/hsa/pkg/errkit/errmap.go:14.63,15.58 1 0
github.com/whicu/hsa/pkg/errkit/errmap.go:15.58,16.41 1 0
github.com/whicu/hsa/pkg/errkit/errmap.go:16.41,18.4 1 0
github.com/whicu/hsa/pkg/errkit/errmap.go:20.3,21.21 2 0
github.com/whicu/hsa/pkg/errkit/errmap.go:25.65,27.2 1 0
github.com/whicu/hsa/pkg/errkit/errmap.go:29.44,30.30 1 0
github.com/whicu/hsa/pkg/errkit/errmap.go:30.30,31.26 1 0
github.com/whicu/hsa/pkg/errkit/errmap.go:31.26,33.4 1 0
github.com/whicu/hsa/pkg/errkit/errmap.go:36.2,36.28 1 0
github.com/whicu/hsa/pkg/errkit/errmap.go:36.28,38.3 1 0
github.com/whicu/hsa/pkg/errkit/errmap.go:40.2,41.13 2 0
github.com/whicu/hsa/pkg/errkit/error.go:10.32,12.15 2 0
github.com/whicu/hsa/pkg/errkit/error.go:12.15,14.3 1 0
github.com/whicu/hsa/pkg/errkit/error.go:16.2,16.21 1 0
github.com/whicu/hsa/pkg/errkit/error.go:19.46,20.50 1 0
github.com/whicu/hsa/pkg/errkit/error.go:20.50,21.20 1 0
github.com/whicu/hsa/pkg/errkit/error.go:21.20,23.4 1 0
github.com/whicu/hsa/pkg/errkit/error.go:24.3,24.26 1 0
github.com/whicu/hsa/pkg/errkit/error.go:24.26,25.59 1 0
github.com/whicu/hsa/pkg/errkit/error.go:25.59,26.23 1 0
github.com/whicu/hsa/pkg/errkit/error.go:26.23,28.6 1 0
github.com/whicu/hsa/pkg/errkit/error.go:29.10,29.23 1 0
github.com/whicu/hsa/pkg/errkit/error.go:29.23,31.5 1 0
github.com/whicu/hsa/pkg/errkit/error.go:34.3,34.16 1 0
github.com/whicu/hsa/pkg/errkit/error.go:37.2,38.16 2 0
github.com/whicu/hsa/pkg/errkit/error.go:38.16,40.3 1 0
github.com/whicu/hsa/pkg/errkit/error.go:41.2,43.37 2 0
github.com/whicu/hsa/pkg/errkit/error.go:46.34,47.36 1 0
github.com/whicu/hsa/pkg/errkit/error.go:47.36,49.3 1 0
github.com/whicu/hsa/pkg/errkit/error.go:51.2,51.17 1 0
github.com/whicu/hsa/pkg/errkit/format.go:10.40,11.18 1 0
github.com/whicu/hsa/pkg/errkit/format.go:11.18,13.3 1 0
github.com/whicu/hsa/pkg/errkit/format.go:15.2,16.25 2 0
github.com/whicu/hsa/pkg/errkit/format.go:16.25,18.3 1 0
github.com/whicu/hsa/pkg/errkit/format.go:20.2,22.41 1 0
github.com/whicu/hsa/pkg/errkit/group.go:14.32,17.16 3 0
github.com/whicu/hsa/pkg/errkit/group.go:17.16,19.3 1 0
github.com/whicu/hsa/pkg/errkit/group.go:20.2,20.28 1 0
github.com/whicu/hsa/pkg/errkit/group.go:23.36,24.17 1 0
github.com/whicu/hsa/pkg/errkit/group.go:24.17,25.29 1 0
github.com/whicu/hsa/pkg/errkit/group.go:25.29,27.4 1 0
github.com/whicu/hsa/pkg/errkit/group.go:31.41,35.2 3 0
github.com/whicu/hsa/pkg/errkit/group.go:37.30,44.26 6 0
github.com/whicu/hsa/pkg/errkit/group.go:44.26,45.29 1 0
github.com/whicu/hsa/pkg/errkit/group.go:45.29,47.4 1 0
github.com/whicu/hsa/pkg/errkit/group.go:50.2,52.18 3 0
github.com/whicu/hsa/pkg/errkit/group.go:52.18,54.3 1 0
github.com/whicu/hsa/pkg/errkit/group.go:55.2,55.14 1 0
github.com/whicu/hsa/internal/infrastructure/telemetry/conn.go:13.53,16.32 2 0
github.com/whicu/hsa/internal/infrastructure/telemetry/conn.go:16.32,18.3 1 0
github.com/whicu/hsa/internal/infrastructure/telemetry/conn.go:18.8,21.3 2 0
github.com/whicu/hsa/internal/infrastructure/telemetry/conn.go:23.2,23.54 1 0
github.com/whicu/hsa/internal/infrastructure/telemetry/conn.go:23.54,25.3 1 0
github.com/whicu/hsa/internal/infrastructure/telemetry/conn.go:27.2,37.16 3 0
github.com/whicu/hsa/internal/infrastructure/telemetry/conn.go:37.16,39.3 1 0
github.com/whicu/hsa/internal/infrastructure/telemetry/conn.go:41.2,41.18 1 0
github.com/whicu/hsa/internal/infrastructure/telemetry/conn.go:44.82,50.2 1 0
github.com/whicu/hsa/internal/infrastructure/telemetry/conn.go:52.64,59.2 1 0
github.com/whicu/hsa/internal/infrastructure/telemetry/logger.go:14.137,21.16 3 0
github.com/whicu/hsa/internal/infrastructure/telemetry/logger.go:21.16,23.3 1 0
github.com/whicu/hsa/internal/infrastructure/telemetry/logger.go:25.2,32.16 3 0
github.com/whicu/hsa/internal/infrastructure/telemetry/meter.go:14.138,21.16 3 0
github.com/whicu/hsa/internal/infrastructure/telemetry/meter.go:21.16,23.3 1 0
github.com/whicu/hsa/internal/infrastructure/telemetry/meter.go:25.2,34.16 3 0
github.com/whicu/hsa/internal/infrastructure/telemetry/package.go:26.55,27.14 1 0
github.com/whicu/hsa/internal/infrastructure/telemetry/package.go:27.14,29.3 1 0
github.com/whicu/hsa/internal/infrastructure/telemetry/package.go:30.2,32.20 2 0
github.com/whicu/hsa/internal/infrastructure/telemetry/package.go:32.20,33.44 1 0
github.com/whicu/hsa/internal/infrastructure/telemetry/package.go:33.44,37.4 3 0
github.com/whicu/hsa/internal/infrastructure/telemetry/package.go:38.3,38.13 1 0
github.com/whicu/hsa/internal/infrastructure/telemetry/package.go:41.2,41.20 1 0
github.com/whicu/hsa/internal/infrastructure/telemetry/package.go:41.20,42.44 1 0
github.com/whicu/hsa/internal/infrastructure/telemetry/package.go:42.44,46.4 3 0
github.com/whicu/hsa/internal/infrastructure/telemetry/package.go:47.3,47.13 1 0
github.com/whicu/hsa/internal/infrastructure/telemetry/package.go:50.2,50.20 1 0
github.com/whicu/hsa/internal/infrastructure/telemetry/package.go:50.20,51.44 1 0
github.com/whicu/hsa/internal/infrastructure/telemetry/package.go:51.44,55.4 3 0
github.com/whicu/hsa/internal/infrastructure/telemetry/package.go:56.3,56.13 1 0
github.com/whicu/hsa/internal/infrastructure/telemetry/package.go:59.2,59.25 1 0
github.com/whicu/hsa/internal/infrastructure/telemetry/package.go:59.25,60.40 1 0
github.com/whicu/hsa/internal/infrastructure/telemetry/package.go:60.40,64.4 3 0
github.com/whicu/hsa/internal/infrastructure/telemetry/package.go:65.3,65.13 1 0
github.com/whicu/hsa/internal/infrastructure/telemetry/package.go:68.2,68.33 1 0
github.com/whicu/hsa/internal/infrastructure/telemetry/package.go:68.33,70.3 1 0
github.com/whicu/hsa/internal/infrastructure/telemetry/package.go:71.2,71.12 1 0
github.com/whicu/hsa/internal/infrastructure/telemetry/package.go:74.47,76.16 2 0
github.com/whicu/hsa/internal/infrastructure/telemetry/package.go:76.16,78.3 1 0
github.com/whicu/hsa/internal/infrastructure/telemetry/package.go:79.2,80.47 2 0
github.com/whicu/hsa/internal/infrastructure/telemetry/package.go:83.55,85.16 2 0
github.com/whicu/hsa/internal/infrastructure/telemetry/package.go:85.16,87.3 1 0
github.com/whicu/hsa/internal/infrastructure/telemetry/package.go:88.2,89.16 2 0
github.com/whicu/hsa/internal/infrastructure/telemetry/package.go:89.16,91.3 1 0
github.com/whicu/hsa/internal/infrastructure/telemetry/package.go:92.2,92.18 1 0
github.com/whicu/hsa/internal/infrastructure/telemetry/package.go:95.61,97.16 2 0
github.com/whicu/hsa/internal/infrastructure/telemetry/package.go:97.16,99.3 1 0
github.com/whicu/hsa/internal/infrastructure/telemetry/package.go:100.2,101.16 2 0
github.com/whicu/hsa/internal/infrastructure/telemetry/package.go:101.16,103.3 1 0
github.com/whicu/hsa/internal/infrastructure/telemetry/package.go:104.2,104.31 1 0
github.com/whicu/hsa/internal/infrastructure/telemetry/package.go:167.52,169.16 2 0
github.com/whicu/hsa/internal/infrastructure/telemetry/package.go:169.16,171.3 1 0
github.com/whicu/hsa/internal/infrastructure/telemetry/package.go:172.2,172.18 1 0
github.com/whicu/hsa/internal/infrastructure/telemetry/package.go:172.18,175.3 1 0
github.com/whicu/hsa/internal/infrastructure/telemetry/package.go:177.2,178.16 2 0
github.com/whicu/hsa/internal/infrastructure/telemetry/package.go:178.16,180.3 1 0
github.com/whicu/hsa/internal/infrastructure/telemetry/package.go:181.2,182.16 2 0
github.com/whicu/hsa/internal/infrastructure/telemetry/package.go:182.16,184.3 1 0
github.com/whicu/hsa/internal/infrastructure/telemetry/package.go:185.2,186.16 2 0
github.com/whicu/hsa/internal/infrastructure/telemetry/package.go:186.16,188.3 1 0
github.com/whicu/hsa/internal/infrastructure/telemetry/package.go:189.2,190.16 2 0
github.com/whicu/hsa/internal/infrastructure/telemetry/package.go:190.16,192.3 1 0
github.com/whicu/hsa/internal/infrastructure/telemetry/package.go:194.2,195.16 2 0
github.com/whicu/hsa/internal/infrastructure/telemetry/package.go:195.16,197.3 1 0
github.com/whicu/hsa/internal/infrastructure/telemetry/package.go:199.2,200.16 2 0
github.com/whicu/hsa/internal/infrastructure/telemetry/package.go:200.16,202.3 1 0
github.com/whicu/hsa/internal/infrastructure/telemetry/package.go:203.2,203.49 1 0
github.com/whicu/hsa/internal/infrastructure/telemetry/package.go:203.49,205.3 1 0
github.com/whicu/hsa/internal/infrastructure/telemetry/package.go:207.2,207.58 1 0
github.com/whicu/hsa/internal/infrastructure/telemetry/resource.go:12.80,22.16 2 0
github.com/whicu/hsa/internal/infrastructure/telemetry/resource.go:22.16,24.3 1 0
github.com/whicu/hsa/internal/infrastructure/telemetry/resource.go:25.2,25.17 1 0
github.com/whicu/hsa/internal/infrastructure/telemetry/runtime.go:12.33,13.100 1 0
github.com/whicu/hsa/internal/infrastructure/telemetry/runtime.go:13.100,15.3 1 0
github.com/whicu/hsa/internal/infrastructure/telemetry/runtime.go:16.2,16.12 1 0
github.com/whicu/hsa/internal/infrastructure/telemetry/tracer.go:15.139,22.16 3 0
github.com/whicu/hsa/internal/infrastructure/telemetry/tracer.go:22.16,24.3 1 0
github.com/whicu/hsa/internal/infrastructure/telemetry/tracer.go:26.2,27.26 2 0
github.com/whicu/hsa/internal/infrastructure/telemetry/tracer.go:28.15,29.35 1 0
github.com/whicu/hsa/internal/infrastructure/telemetry/tracer.go:30.15,31.58 1 0
github.com/whicu/hsa/internal/infrastructure/telemetry/tracer.go:32.10,33.36 1 0
github.com/whicu/hsa/internal/infrastructure/telemetry/tracer.go:36.2,48.16 4 0
github.com/whicu/hsa/pkg/logger/error.go:12.39,15.2 2 0
github.com/whicu/hsa/pkg/logger/logger.go:13.67,15.2 1 0
github.com/whicu/hsa/pkg/logger/logger.go:16.58,18.16 2 0
github.com/whicu/hsa/pkg/logger/logger.go:18.16,20.3 1 0
github.com/whicu/hsa/pkg/logger/logger.go:22.2,35.9 7 0
github.com/whicu/hsa/pkg/logger/logger.go:35.9,36.54 1 0
github.com/whicu/hsa/pkg/logger/logger.go:38.2,38.39 1 0
github.com/whicu/hsa/pkg/logger/logger.go:41.47,62.2 1 0
github.com/whicu/hsa/pkg/logger/logger.go:64.56,65.51 1 0
github.com/whicu/hsa/pkg/logger/logger.go:66.15,67.33 1 0
github.com/whicu/hsa/pkg/logger/logger.go:68.15,69.33 1 0
github.com/whicu/hsa/pkg/logger/logger.go:70.14,71.32 1 0
github.com/whicu/hsa/pkg/logger/logger.go:72.14,73.32 1 0
github.com/whicu/hsa/pkg/logger/logger.go:74.15,75.33 1 0
github.com/whicu/hsa/pkg/logger/logger.go:76.15,77.33 1 0
github.com/whicu/hsa/pkg/logger/logger.go:78.15,79.33 1 0
github.com/whicu/hsa/pkg/logger/logger.go:80.10,81.31 1 0
github.com/whicu/hsa/pkg/logger/nop.go:10.65,12.2 1 0
github.com/whicu/hsa/pkg/logger/nop.go:14.66,16.2 1 0
github.com/whicu/hsa/pkg/logger/nop.go:18.59,20.2 1 0
github.com/whicu/hsa/pkg/logger/nop.go:22.54,24.2 1 0
github.com/whicu/hsa/pkg/logger/nop.go:26.33,28.2 1 0
github.com/whicu/hsa/pkg/logger/nop.go:30.32,32.2 1 0
github.com/whicu/hsa/pkg/logger/package.go:17.36,17.63 1 0
github.com/whicu/hsa/pkg/logger/package.go:19.50,21.16 2 0
github.com/whicu/hsa/pkg/logger/package.go:21.16,23.3 1 0
github.com/whicu/hsa/pkg/logger/package.go:24.2,25.16 2 0
github.com/whicu/hsa/pkg/logger/package.go:25.16,27.3 1 0
github.com/whicu/hsa/pkg/logger/package.go:28.2,28.51 1 0
github.com/whicu/hsa/pkg/logger/package.go:31.47,33.16 2 0
github.com/whicu/hsa/pkg/logger/package.go:33.16,35.3 1 0
github.com/whicu/hsa/pkg/logger/package.go:36.2,37.44 2 0
github.com/whicu/hsa/pkg/logger/package.go:40.57,42.16 2 0
github.com/whicu/hsa/pkg/logger/package.go:42.16,44.3 1 0
github.com/whicu/hsa/pkg/logger/package.go:45.2,45.24 1 0
