mode: atomic
github.com/whicu/hsa/internal/application/auth.go:22.45,24.2 1 15
github.com/whicu/hsa/internal/application/auth.go:39.47,41.2 1 15
github.com/whicu/hsa/internal/application/begin_invite_registration.go:33.28,41.2 1 6
github.com/whicu/hsa/internal/application/begin_invite_registration.go:43.143,49.16 4 6
github.com/whicu/hsa/internal/application/begin_invite_registration.go:49.16,54.3 2 1
github.com/whicu/hsa/internal/application/begin_invite_registration.go:56.2,57.16 2 5
github.com/whicu/hsa/internal/application/begin_invite_registration.go:57.16,62.3 2 1
github.com/whicu/hsa/internal/application/begin_invite_registration.go:64.2,64.18 1 4
github.com/whicu/hsa/internal/application/begin_invite_registration.go:64.18,69.3 2 1
github.com/whicu/hsa/internal/application/begin_invite_registration.go:71.2,71.24 1 3
github.com/whicu/hsa/internal/application/begin_invite_registration.go:71.24,77.3 2 1
github.com/whicu/hsa/internal/application/begin_invite_registration.go:79.2,82.16 3 2
github.com/whicu/hsa/internal/application/begin_invite_registration.go:82.16,89.3 2 1
github.com/whicu/hsa/internal/application/begin_invite_registration.go:91.2,96.25 2 1
github.com/whicu/hsa/internal/application/begin_login.go:13.79,18.2 1 9
github.com/whicu/hsa/internal/application/begin_login.go:20.91,24.16 3 2
github.com/whicu/hsa/internal/application/begin_login.go:24.16,29.3 2 1
github.com/whicu/hsa/internal/application/begin_login.go:31.2,33.25 2 1
github.com/whicu/hsa/internal/application/create_invite.go:42.17,47.2 1 18
github.com/whicu/hsa/internal/application/create_invite.go:49.123,56.76 4 108
github.com/whicu/hsa/internal/application/create_invite.go:56.76,58.19 2 107
github.com/whicu/hsa/internal/application/create_invite.go:58.19,62.4 2 1
github.com/whicu/hsa/internal/application/create_invite.go:64.3,64.55 1 106
github.com/whicu/hsa/internal/application/create_invite.go:64.55,69.4 2 72
github.com/whicu/hsa/internal/application/create_invite.go:71.3,73.19 3 34
github.com/whicu/hsa/internal/application/create_invite.go:73.19,77.4 2 1
github.com/whicu/hsa/internal/application/create_invite.go:79.3,80.19 2 33
github.com/whicu/hsa/internal/application/create_invite.go:80.19,84.4 2 0
github.com/whicu/hsa/internal/application/create_invite.go:86.3,86.54 1 33
github.com/whicu/hsa/internal/application/create_invite.go:86.54,91.4 2 1
github.com/whicu/hsa/internal/application/create_invite.go:93.3,99.13 3 32
github.com/whicu/hsa/internal/application/create_invite.go:101.2,101.16 1 108
github.com/whicu/hsa/internal/application/create_invite.go:101.16,104.3 2 76
github.com/whicu/hsa/internal/application/create_invite.go:106.2,112.35 2 32
github.com/whicu/hsa/internal/application/finish_invite_registration.go:68.29,81.2 1 7
github.com/whicu/hsa/internal/application/finish_invite_registration.go:90.42,92.2 1 1
github.com/whicu/hsa/internal/application/finish_invite_registration.go:103.57,105.2 1 15
github.com/whicu/hsa/internal/application/finish_invite_registration.go:113.59,115.2 1 15
github.com/whicu/hsa/internal/application/finish_invite_registration.go:117.141,122.20 3 6
github.com/whicu/hsa/internal/application/finish_invite_registration.go:122.20,125.3 2 1
github.com/whicu/hsa/internal/application/finish_invite_registration.go:127.2,127.62 1 5
github.com/whicu/hsa/internal/application/finish_invite_registration.go:127.62,133.3 2 0
github.com/whicu/hsa/internal/application/finish_invite_registration.go:135.2,138.16 3 5
github.com/whicu/hsa/internal/application/finish_invite_registration.go:138.16,141.3 2 1
github.com/whicu/hsa/internal/application/finish_invite_registration.go:143.2,145.76 2 4
github.com/whicu/hsa/internal/application/finish_invite_registration.go:145.76,147.19 2 4
github.com/whicu/hsa/internal/application/finish_invite_registration.go:147.19,149.4 1 2
github.com/whicu/hsa/internal/application/finish_invite_registration.go:151.3,152.19 2 2
github.com/whicu/hsa/internal/application/finish_invite_registration.go:152.19,154.4 1 0
github.com/whicu/hsa/internal/application/finish_invite_registration.go:156.3,156.92 1 2
github.com/whicu/hsa/internal/application/finish_invite_registration.go:156.92,158.4 1 1
github.com/whicu/hsa/internal/application/finish_invite_registration.go:160.3,161.19 2 1
github.com/whicu/hsa/internal/application/finish_invite_registration.go:161.19,164.4 2 0
github.com/whicu/hsa/internal/application/finish_invite_registration.go:166.3,167.13 2 1
github.com/whicu/hsa/internal/application/finish_invite_registration.go:170.2,170.16 1 4
github.com/whicu/hsa/internal/application/finish_invite_registration.go:170.16,177.3 2 3
github.com/whicu/hsa/internal/application/finish_invite_registration.go:179.2,185.18 2 1
github.com/whicu/hsa/internal/application/finish_invite_registration.go:190.156,192.16 2 4
github.com/whicu/hsa/internal/application/finish_invite_registration.go:192.16,193.41 1 1
github.com/whicu/hsa/internal/application/finish_invite_registration.go:193.41,196.4 2 1
github.com/whicu/hsa/internal/application/finish_invite_registration.go:197.3,198.18 2 0
github.com/whicu/hsa/internal/application/finish_invite_registration.go:201.2,201.47 1 3
github.com/whicu/hsa/internal/application/finish_invite_registration.go:201.47,204.3 2 1
github.com/whicu/hsa/internal/application/finish_invite_registration.go:206.2,206.49 1 2
github.com/whicu/hsa/internal/application/finish_invite_registration.go:206.49,209.3 2 0
github.com/whicu/hsa/internal/application/finish_invite_registration.go:211.2,211.17 1 2
github.com/whicu/hsa/internal/application/finish_invite_registration.go:214.188,216.16 2 2
github.com/whicu/hsa/internal/application/finish_invite_registration.go:216.16,219.3 2 0
github.com/whicu/hsa/internal/application/finish_invite_registration.go:221.2,221.45 1 2
github.com/whicu/hsa/internal/application/finish_invite_registration.go:221.45,224.3 2 0
github.com/whicu/hsa/internal/application/finish_invite_registration.go:226.2,228.16 3 2
github.com/whicu/hsa/internal/application/finish_invite_registration.go:228.16,231.3 2 0
github.com/whicu/hsa/internal/application/finish_invite_registration.go:232.2,232.63 1 2
github.com/whicu/hsa/internal/application/finish_invite_registration.go:232.63,235.3 2 0
github.com/whicu/hsa/internal/application/finish_invite_registration.go:237.2,237.54 1 2
github.com/whicu/hsa/internal/application/finish_invite_registration.go:237.54,240.3 2 0
github.com/whicu/hsa/internal/application/finish_invite_registration.go:242.2,242.21 1 2
github.com/whicu/hsa/internal/application/finish_invite_registration.go:245.176,247.31 2 2
github.com/whicu/hsa/internal/application/finish_invite_registration.go:247.31,249.18 2 2
github.com/whicu/hsa/internal/application/finish_invite_registration.go:249.18,252.4 2 0
github.com/whicu/hsa/internal/application/finish_invite_registration.go:253.3,253.31 1 2
github.com/whicu/hsa/internal/application/finish_invite_registration.go:256.2,256.54 1 2
github.com/whicu/hsa/internal/application/finish_invite_registration.go:256.54,259.3 2 1
github.com/whicu/hsa/internal/application/finish_invite_registration.go:261.2,261.12 1 1
github.com/whicu/hsa/internal/application/finish_login.go:45.10,55.2 1 9
github.com/whicu/hsa/internal/application/finish_login.go:65.38,67.2 1 15
github.com/whicu/hsa/internal/application/finish_login.go:75.40,77.2 1 15
github.com/whicu/hsa/internal/application/finish_login.go:79.84,84.16 4 7
github.com/whicu/hsa/internal/application/finish_login.go:84.16,87.3 2 1
github.com/whicu/hsa/internal/application/finish_login.go:89.2,95.76 2 6
github.com/whicu/hsa/internal/application/finish_login.go:95.76,97.19 2 6
github.com/whicu/hsa/internal/application/finish_login.go:97.19,98.44 1 2
github.com/whicu/hsa/internal/application/finish_login.go:98.44,101.5 2 1
github.com/whicu/hsa/internal/application/finish_login.go:102.4,103.16 2 1
github.com/whicu/hsa/internal/application/finish_login.go:106.3,106.23 1 4
github.com/whicu/hsa/internal/application/finish_login.go:106.23,108.4 1 0
github.com/whicu/hsa/internal/application/finish_login.go:110.3,111.83 2 4
github.com/whicu/hsa/internal/application/finish_login.go:111.83,115.51 2 0
github.com/whicu/hsa/internal/application/finish_login.go:115.51,117.5 1 0
github.com/whicu/hsa/internal/application/finish_login.go:118.4,118.77 1 0
github.com/whicu/hsa/internal/application/finish_login.go:118.77,120.5 1 0
github.com/whicu/hsa/internal/application/finish_login.go:121.4,121.80 1 0
github.com/whicu/hsa/internal/application/finish_login.go:121.80,125.5 2 0
github.com/whicu/hsa/internal/application/finish_login.go:126.4,126.38 1 0
github.com/whicu/hsa/internal/application/finish_login.go:129.3,129.21 1 4
github.com/whicu/hsa/internal/application/finish_login.go:129.21,133.4 2 0
github.com/whicu/hsa/internal/application/finish_login.go:135.3,135.64 1 4
github.com/whicu/hsa/internal/application/finish_login.go:135.64,139.4 2 1
github.com/whicu/hsa/internal/application/finish_login.go:141.3,142.19 2 3
github.com/whicu/hsa/internal/application/finish_login.go:142.19,146.4 2 2
github.com/whicu/hsa/internal/application/finish_login.go:148.3,150.13 3 1
github.com/whicu/hsa/internal/application/finish_login.go:153.2,153.16 1 6
github.com/whicu/hsa/internal/application/finish_login.go:153.16,156.3 2 5
github.com/whicu/hsa/internal/application/finish_login.go:158.2,160.18 2 1
github.com/whicu/hsa/internal/application/package.go:13.47,15.16 2 0
github.com/whicu/hsa/internal/application/package.go:15.16,17.3 1 0
github.com/whicu/hsa/internal/application/package.go:18.2,19.41 2 0
github.com/whicu/hsa/internal/application/package.go:22.60,24.16 2 18
github.com/whicu/hsa/internal/application/package.go:24.16,26.3 1 0
github.com/whicu/hsa/internal/application/package.go:28.2,29.16 2 18
github.com/whicu/hsa/internal/application/package.go:29.16,31.3 1 0
github.com/whicu/hsa/internal/application/package.go:33.2,34.16 2 18
github.com/whicu/hsa/internal/application/package.go:34.16,36.3 1 0
github.com/whicu/hsa/internal/application/package.go:38.2,39.16 2 18
github.com/whicu/hsa/internal/application/package.go:39.16,41.3 1 0
github.com/whicu/hsa/internal/application/package.go:43.2,44.16 2 18
github.com/whicu/hsa/internal/application/package.go:44.16,46.3 1 0
github.com/whicu/hsa/internal/application/package.go:48.2,49.16 2 18
github.com/whicu/hsa/internal/application/package.go:49.16,51.3 1 0
github.com/whicu/hsa/internal/application/package.go:53.2,54.16 2 18
github.com/whicu/hsa/internal/application/package.go:54.16,56.3 1 0
github.com/whicu/hsa/internal/application/package.go:57.2,62.8 2 18
github.com/whicu/hsa/internal/application/package.go:65.82,67.16 2 6
github.com/whicu/hsa/internal/application/package.go:67.16,69.3 1 0
github.com/whicu/hsa/internal/application/package.go:71.2,72.16 2 6
github.com/whicu/hsa/internal/application/package.go:72.16,74.3 1 0
github.com/whicu/hsa/internal/application/package.go:76.2,77.16 2 6
github.com/whicu/hsa/internal/application/package.go:77.16,79.3 1 0
github.com/whicu/hsa/internal/application/package.go:81.2,82.16 2 6
github.com/whicu/hsa/internal/application/package.go:82.16,84.3 1 0
github.com/whicu/hsa/internal/application/package.go:86.2,87.16 2 6
github.com/whicu/hsa/internal/application/package.go:87.16,89.3 1 0
github.com/whicu/hsa/internal/application/package.go:91.2,91.78 1 6
github.com/whicu/hsa/internal/application/package.go:94.62,96.16 2 38
github.com/whicu/hsa/internal/application/package.go:96.16,98.3 1 0
github.com/whicu/hsa/internal/application/package.go:100.2,101.16 2 38
github.com/whicu/hsa/internal/application/package.go:101.16,103.3 1 0
github.com/whicu/hsa/internal/application/package.go:105.2,106.16 2 38
github.com/whicu/hsa/internal/application/package.go:106.16,108.3 1 0
github.com/whicu/hsa/internal/application/package.go:110.2,111.16 2 38
github.com/whicu/hsa/internal/application/package.go:111.16,113.3 1 0
github.com/whicu/hsa/internal/application/package.go:115.2,116.16 2 38
github.com/whicu/hsa/internal/application/package.go:116.16,118.3 1 0
github.com/whicu/hsa/internal/application/package.go:120.2,121.16 2 38
github.com/whicu/hsa/internal/application/package.go:121.16,123.3 1 0
github.com/whicu/hsa/internal/application/package.go:125.2,135.8 2 38
github.com/whicu/hsa/internal/application/package.go:138.84,140.16 2 7
github.com/whicu/hsa/internal/application/package.go:140.16,142.3 1 0
github.com/whicu/hsa/internal/application/package.go:144.2,145.16 2 7
github.com/whicu/hsa/internal/application/package.go:145.16,147.3 1 0
github.com/whicu/hsa/internal/application/package.go:149.2,150.16 2 7
github.com/whicu/hsa/internal/application/package.go:150.16,152.3 1 0
github.com/whicu/hsa/internal/application/package.go:154.2,155.16 2 7
github.com/whicu/hsa/internal/application/package.go:155.16,157.3 1 0
github.com/whicu/hsa/internal/application/package.go:159.2,160.16 2 7
github.com/whicu/hsa/internal/application/package.go:160.16,162.3 1 0
github.com/whicu/hsa/internal/application/package.go:164.2,165.16 2 7
github.com/whicu/hsa/internal/application/package.go:165.16,167.3 1 0
github.com/whicu/hsa/internal/application/package.go:169.2,170.16 2 7
github.com/whicu/hsa/internal/application/package.go:170.16,172.3 1 0
github.com/whicu/hsa/internal/application/package.go:174.2,175.16 2 7
github.com/whicu/hsa/internal/application/package.go:175.16,177.3 1 0
github.com/whicu/hsa/internal/application/package.go:179.2,180.16 2 7
github.com/whicu/hsa/internal/application/package.go:180.16,182.3 1 0
github.com/whicu/hsa/internal/application/package.go:184.2,185.16 2 7
github.com/whicu/hsa/internal/application/package.go:185.16,187.3 1 0
github.com/whicu/hsa/internal/application/package.go:188.2,201.8 2 7
github.com/whicu/hsa/internal/application/package.go:204.56,206.16 2 9
github.com/whicu/hsa/internal/application/package.go:206.16,208.3 1 0
github.com/whicu/hsa/internal/application/package.go:210.2,211.16 2 9
github.com/whicu/hsa/internal/application/package.go:211.16,213.3 1 0
github.com/whicu/hsa/internal/application/package.go:215.2,215.47 1 9
github.com/whicu/hsa/internal/application/package.go:218.78,220.16 2 30
github.com/whicu/hsa/internal/application/package.go:220.16,222.3 1 0
github.com/whicu/hsa/internal/application/package.go:224.2,225.16 2 30
github.com/whicu/hsa/internal/application/package.go:225.16,227.3 1 0
github.com/whicu/hsa/internal/application/package.go:229.2,230.16 2 30
github.com/whicu/hsa/internal/application/package.go:230.16,232.3 1 0
github.com/whicu/hsa/internal/application/package.go:234.2,235.16 2 30
github.com/whicu/hsa/internal/application/package.go:235.16,237.3 1 0
github.com/whicu/hsa/internal/application/package.go:239.2,239.72 1 30
github.com/whicu/hsa/internal/application/package.go:242.46,244.16 2 9
github.com/whicu/hsa/internal/application/package.go:244.16,246.3 1 0
github.com/whicu/hsa/internal/application/package.go:248.2,249.16 2 9
github.com/whicu/hsa/internal/application/package.go:249.16,251.3 1 0
github.com/whicu/hsa/internal/application/package.go:253.2,254.16 2 9
github.com/whicu/hsa/internal/application/package.go:254.16,256.3 1 0
github.com/whicu/hsa/internal/application/package.go:258.2,259.16 2 9
github.com/whicu/hsa/internal/application/package.go:259.16,261.3 1 0
github.com/whicu/hsa/internal/application/package.go:263.2,264.16 2 9
github.com/whicu/hsa/internal/application/package.go:264.16,266.3 1 0
github.com/whicu/hsa/internal/application/package.go:268.2,269.16 2 9
github.com/whicu/hsa/internal/application/package.go:269.16,271.3 1 0
github.com/whicu/hsa/internal/application/package.go:273.2,274.16 2 9
github.com/whicu/hsa/internal/application/package.go:274.16,276.3 1 0
github.com/whicu/hsa/internal/application/package.go:278.2,286.8 1 9
github.com/whicu/hsa/internal/application/package.go:289.72,291.16 2 12
github.com/whicu/hsa/internal/application/package.go:291.16,293.3 1 0
github.com/whicu/hsa/internal/application/package.go:295.2,296.16 2 12
github.com/whicu/hsa/internal/application/package.go:296.16,298.3 1 0
github.com/whicu/hsa/internal/application/package.go:300.2,301.16 2 12
github.com/whicu/hsa/internal/application/package.go:301.16,303.3 1 0
github.com/whicu/hsa/internal/application/package.go:305.2,306.16 2 12
github.com/whicu/hsa/internal/application/package.go:306.16,308.3 1 0
github.com/whicu/hsa/internal/application/package.go:310.2,311.16 2 12
github.com/whicu/hsa/internal/application/package.go:311.16,313.3 1 0
github.com/whicu/hsa/internal/application/package.go:315.2,321.8 1 12
github.com/whicu/hsa/internal/application/package.go:324.80,326.16 2 4
github.com/whicu/hsa/internal/application/package.go:326.16,328.3 1 0
github.com/whicu/hsa/internal/application/package.go:330.2,331.16 2 4
github.com/whicu/hsa/internal/application/package.go:331.16,333.3 1 0
github.com/whicu/hsa/internal/application/package.go:335.2,336.16 2 4
github.com/whicu/hsa/internal/application/package.go:336.16,338.3 1 0
github.com/whicu/hsa/internal/application/package.go:340.2,340.69 1 4
github.com/whicu/hsa/internal/application/refresh_access_token.go:37.23,45.2 1 12
github.com/whicu/hsa/internal/application/refresh_access_token.go:47.130,53.16 4 12
github.com/whicu/hsa/internal/application/refresh_access_token.go:53.16,55.3 1 6
github.com/whicu/hsa/internal/application/refresh_access_token.go:57.2,58.16 2 6
github.com/whicu/hsa/internal/application/refresh_access_token.go:58.16,65.3 2 5
github.com/whicu/hsa/internal/application/refresh_access_token.go:67.2,72.39 2 1
github.com/whicu/hsa/internal/application/refresh_access_token.go:75.143,77.16 2 12
github.com/whicu/hsa/internal/application/refresh_access_token.go:77.16,82.3 2 1
github.com/whicu/hsa/internal/application/refresh_access_token.go:84.2,85.16 2 11
github.com/whicu/hsa/internal/application/refresh_access_token.go:85.16,86.41 1 2
github.com/whicu/hsa/internal/application/refresh_access_token.go:86.41,89.4 2 1
github.com/whicu/hsa/internal/application/refresh_access_token.go:90.3,93.18 2 1
github.com/whicu/hsa/internal/application/refresh_access_token.go:96.2,96.23 1 9
github.com/whicu/hsa/internal/application/refresh_access_token.go:96.23,102.80 2 2
github.com/whicu/hsa/internal/application/refresh_access_token.go:102.80,108.4 2 1
github.com/whicu/hsa/internal/application/refresh_access_token.go:109.3,109.43 1 1
github.com/whicu/hsa/internal/application/refresh_access_token.go:112.2,112.25 1 7
github.com/whicu/hsa/internal/application/refresh_access_token.go:112.25,118.3 2 1
github.com/whicu/hsa/internal/application/refresh_access_token.go:120.2,120.19 1 6
github.com/whicu/hsa/internal/application/revoke_all_user_sessions.go:28.26,35.2 1 30
github.com/whicu/hsa/internal/application/revoke_all_user_sessions.go:37.93,38.23 1 10
github.com/whicu/hsa/internal/application/revoke_all_user_sessions.go:38.23,41.3 2 0
github.com/whicu/hsa/internal/application/revoke_all_user_sessions.go:43.2,51.77 4 10
github.com/whicu/hsa/internal/application/revoke_all_user_sessions.go:51.77,53.17 2 7
github.com/whicu/hsa/internal/application/revoke_all_user_sessions.go:53.17,59.4 2 1
github.com/whicu/hsa/internal/application/revoke_all_user_sessions.go:61.3,61.23 1 6
github.com/whicu/hsa/internal/application/revoke_all_user_sessions.go:61.23,64.4 2 4
github.com/whicu/hsa/internal/application/revoke_all_user_sessions.go:66.3,66.28 1 2
github.com/whicu/hsa/internal/application/revoke_all_user_sessions.go:66.28,67.42 1 2
github.com/whicu/hsa/internal/application/revoke_all_user_sessions.go:67.42,74.5 2 0
github.com/whicu/hsa/internal/application/revoke_all_user_sessions.go:77.3,77.57 1 2
github.com/whicu/hsa/internal/application/revoke_all_user_sessions.go:77.57,83.4 2 1
github.com/whicu/hsa/internal/application/revoke_all_user_sessions.go:85.3,86.13 2 1
github.com/whicu/hsa/internal/application/revoke_all_user_sessions.go:89.2,89.16 1 10
github.com/whicu/hsa/internal/application/revoke_all_user_sessions.go:89.16,95.3 2 5
github.com/whicu/hsa/internal/application/revoke_all_user_sessions.go:97.2,103.12 2 5
github.com/whicu/hsa/internal/application/revoke_compromised_chain.go:24.27,30.2 1 4
github.com/whicu/hsa/internal/application/revoke_compromised_chain.go:32.101,38.16 3 4
github.com/whicu/hsa/internal/application/revoke_compromised_chain.go:38.16,44.3 2 1
github.com/whicu/hsa/internal/application/revoke_compromised_chain.go:46.2,49.67 3 3
github.com/whicu/hsa/internal/application/revoke_compromised_chain.go:49.67,57.3 2 1
github.com/whicu/hsa/internal/application/revoke_compromised_chain.go:59.2,65.12 2 2
github.com/whicu/hsa/internal/application/session_issuer.go:40.18,50.2 1 38
github.com/whicu/hsa/internal/application/session_issuer.go:52.165,60.16 3 9
github.com/whicu/hsa/internal/application/session_issuer.go:60.16,66.3 2 2
github.com/whicu/hsa/internal/application/session_issuer.go:68.2,70.16 3 7
github.com/whicu/hsa/internal/application/session_issuer.go:70.16,77.3 2 1
github.com/whicu/hsa/internal/application/session_issuer.go:79.2,79.66 1 6
github.com/whicu/hsa/internal/application/session_issuer.go:79.66,86.3 2 1
github.com/whicu/hsa/internal/application/session_issuer.go:88.2,89.16 2 5
github.com/whicu/hsa/internal/application/session_issuer.go:89.16,96.3 2 2
github.com/whicu/hsa/internal/application/session_issuer.go:98.2,103.32 2 3
github.com/whicu/hsa/internal/application/session_issuer.go:106.132,113.16 3 11
github.com/whicu/hsa/internal/application/session_issuer.go:113.16,120.3 2 2
github.com/whicu/hsa/internal/application/session_issuer.go:122.2,124.16 3 9
github.com/whicu/hsa/internal/application/session_issuer.go:124.16,131.3 2 2
github.com/whicu/hsa/internal/application/session_issuer.go:133.2,133.48 1 7
github.com/whicu/hsa/internal/application/session_issuer.go:133.48,140.3 2 0
github.com/whicu/hsa/internal/application/session_issuer.go:142.2,143.16 2 7
github.com/whicu/hsa/internal/application/session_issuer.go:143.16,150.3 2 2
github.com/whicu/hsa/internal/application/session_issuer.go:152.2,152.74 1 5
github.com/whicu/hsa/internal/application/session_issuer.go:152.74,160.3 2 3
github.com/whicu/hsa/internal/application/session_issuer.go:162.2,168.32 2 2
github.com/whicu/hsa/internal/domain/credential/credential.go:42.30,43.15 1 109
github.com/whicu/hsa/internal/domain/credential/credential.go:43.15,44.17 1 109
github.com/whicu/hsa/internal/domain/credential/credential.go:44.17,46.4 1 6
github.com/whicu/hsa/internal/domain/credential/credential.go:48.2,48.20 1 109
github.com/whicu/hsa/internal/domain/credential/credential.go:48.20,50.3 1 1
github.com/whicu/hsa/internal/domain/credential/credential.go:51.2,51.26 1 108
github.com/whicu/hsa/internal/domain/credential/credential.go:51.26,53.3 1 2
github.com/whicu/hsa/internal/domain/credential/credential.go:54.2,54.24 1 106
github.com/whicu/hsa/internal/domain/credential/credential.go:54.24,56.3 1 1
github.com/whicu/hsa/internal/domain/credential/credential.go:57.2,57.25 1 105
github.com/whicu/hsa/internal/domain/credential/credential.go:57.25,59.3 1 2
github.com/whicu/hsa/internal/domain/credential/credential.go:60.2,67.8 1 103
github.com/whicu/hsa/internal/domain/credential/credential.go:70.46,70.61 1 101
github.com/whicu/hsa/internal/domain/credential/credential.go:71.46,71.69 1 101
github.com/whicu/hsa/internal/domain/credential/credential.go:72.46,72.65 1 101
github.com/whicu/hsa/internal/domain/credential/credential.go:73.46,73.68 1 101
github.com/whicu/hsa/internal/domain/credential/credential.go:74.46,74.68 1 102
github.com/whicu/hsa/internal/domain/credential/credential.go:75.46,75.69 1 101
github.com/whicu/hsa/internal/domain/credential/credential.go:76.46,76.68 1 101
github.com/whicu/hsa/internal/domain/credential/credential.go:77.46,77.75 1 0
github.com/whicu/hsa/internal/domain/credential/credential.go:78.46,78.68 1 0
github.com/whicu/hsa/internal/domain/credential/credential.go:80.50,81.24 1 0
github.com/whicu/hsa/internal/domain/credential/credential.go:81.24,83.3 1 0
github.com/whicu/hsa/internal/domain/credential/credential.go:84.2,85.12 2 0
github.com/whicu/hsa/internal/domain/credential/credential.go:87.51,88.42 1 194
github.com/whicu/hsa/internal/domain/credential/credential.go:88.42,90.3 1 97
github.com/whicu/hsa/internal/domain/credential/credential.go:91.2,92.12 2 97
github.com/whicu/hsa/internal/domain/credential/credential.go:96.38,97.14 1 2
github.com/whicu/hsa/internal/domain/credential/credential.go:97.14,99.3 1 1
github.com/whicu/hsa/internal/domain/credential/credential.go:100.2,100.211 1 1
github.com/whicu/hsa/internal/domain/credential/credential.go:103.190,114.2 1 0
github.com/whicu/hsa/internal/domain/invite/invite.go:38.26,39.15 1 108
github.com/whicu/hsa/internal/domain/invite/invite.go:39.15,40.17 1 108
github.com/whicu/hsa/internal/domain/invite/invite.go:40.17,42.4 1 3
github.com/whicu/hsa/internal/domain/invite/invite.go:44.2,44.20 1 108
github.com/whicu/hsa/internal/domain/invite/invite.go:44.20,46.3 1 1
github.com/whicu/hsa/internal/domain/invite/invite.go:47.2,47.27 1 107
github.com/whicu/hsa/internal/domain/invite/invite.go:47.27,49.3 1 1
github.com/whicu/hsa/internal/domain/invite/invite.go:50.2,50.20 1 106
github.com/whicu/hsa/internal/domain/invite/invite.go:50.20,52.3 1 1
github.com/whicu/hsa/internal/domain/invite/invite.go:53.2,56.8 1 105
github.com/whicu/hsa/internal/domain/invite/invite.go:58.48,58.63 1 0
github.com/whicu/hsa/internal/domain/invite/invite.go:59.48,59.70 1 0
github.com/whicu/hsa/internal/domain/invite/invite.go:60.48,60.69 1 0
github.com/whicu/hsa/internal/domain/invite/invite.go:61.48,61.70 1 0
github.com/whicu/hsa/internal/domain/invite/invite.go:62.48,62.70 1 0
github.com/whicu/hsa/internal/domain/invite/invite.go:63.48,63.67 1 0
github.com/whicu/hsa/internal/domain/invite/invite.go:64.48,64.81 1 205
github.com/whicu/hsa/internal/domain/invite/invite.go:65.48,65.74 1 6
github.com/whicu/hsa/internal/domain/invite/invite.go:67.62,68.16 1 4
github.com/whicu/hsa/internal/domain/invite/invite.go:68.16,70.3 1 1
github.com/whicu/hsa/internal/domain/invite/invite.go:71.2,71.22 1 3
github.com/whicu/hsa/internal/domain/invite/invite.go:71.22,73.3 1 1
github.com/whicu/hsa/internal/domain/invite/invite.go:74.2,75.12 2 2
github.com/whicu/hsa/internal/domain/invite/invite.go:79.34,80.14 1 3
github.com/whicu/hsa/internal/domain/invite/invite.go:80.14,82.3 1 1
github.com/whicu/hsa/internal/domain/invite/invite.go:83.2,84.21 2 2
github.com/whicu/hsa/internal/domain/invite/invite.go:84.21,86.3 1 0
github.com/whicu/hsa/internal/domain/invite/invite.go:87.2,87.177 1 2
github.com/whicu/hsa/internal/domain/invite/invite.go:90.132,92.2 1 0
github.com/whicu/hsa/internal/domain/invite/policy.go:7.38,9.2 1 101
github.com/whicu/hsa/internal/domain/invite/policy.go:11.49,12.32 1 104
github.com/whicu/hsa/internal/domain/invite/policy.go:12.32,14.3 1 56
github.com/whicu/hsa/internal/domain/invite/policy.go:15.2,15.12 1 48
github.com/whicu/hsa/internal/domain/key/key.go:30.29,30.73 1 108
github.com/whicu/hsa/internal/domain/key/key.go:50.30,51.15 1 107
github.com/whicu/hsa/internal/domain/key/key.go:51.15,52.17 1 107
github.com/whicu/hsa/internal/domain/key/key.go:52.17,54.4 1 5
github.com/whicu/hsa/internal/domain/key/key.go:56.2,56.20 1 107
github.com/whicu/hsa/internal/domain/key/key.go:56.20,58.3 1 1
github.com/whicu/hsa/internal/domain/key/key.go:59.2,59.24 1 106
github.com/whicu/hsa/internal/domain/key/key.go:59.24,61.3 1 1
github.com/whicu/hsa/internal/domain/key/key.go:62.2,62.20 1 105
github.com/whicu/hsa/internal/domain/key/key.go:62.20,64.3 1 1
github.com/whicu/hsa/internal/domain/key/key.go:65.2,65.26 1 104
github.com/whicu/hsa/internal/domain/key/key.go:65.26,67.3 1 1
github.com/whicu/hsa/internal/domain/key/key.go:68.2,68.25 1 103
github.com/whicu/hsa/internal/domain/key/key.go:68.25,70.3 1 1
github.com/whicu/hsa/internal/domain/key/key.go:71.2,75.8 1 102
github.com/whicu/hsa/internal/domain/key/key.go:78.62,78.77 1 100
github.com/whicu/hsa/internal/domain/key/key.go:79.62,79.81 1 0
github.com/whicu/hsa/internal/domain/key/key.go:80.62,80.80 1 100
github.com/whicu/hsa/internal/domain/key/key.go:81.62,81.87 1 100
github.com/whicu/hsa/internal/domain/key/key.go:82.62,82.85 1 0
github.com/whicu/hsa/internal/domain/key/key.go:83.62,83.88 1 0
github.com/whicu/hsa/internal/domain/key/key.go:84.62,84.84 1 0
github.com/whicu/hsa/internal/domain/key/key.go:87.38,88.14 1 3
github.com/whicu/hsa/internal/domain/key/key.go:88.14,90.3 1 1
github.com/whicu/hsa/internal/domain/key/key.go:91.2,92.27 2 2
github.com/whicu/hsa/internal/domain/key/key.go:92.27,94.3 1 1
github.com/whicu/hsa/internal/domain/key/key.go:95.2,95.180 1 2
github.com/whicu/hsa/internal/domain/key/policy.go:11.43,13.2 1 101
github.com/whicu/hsa/internal/domain/key/policy.go:15.48,16.30 1 104
github.com/whicu/hsa/internal/domain/key/policy.go:16.30,18.3 1 64
github.com/whicu/hsa/internal/domain/key/policy.go:19.2,19.12 1 40
github.com/whicu/hsa/internal/domain/session/session.go:41.33,42.15 1 108
github.com/whicu/hsa/internal/domain/session/session.go:42.15,43.17 1 108
github.com/whicu/hsa/internal/domain/session/session.go:43.17,45.4 1 3
github.com/whicu/hsa/internal/domain/session/session.go:47.2,47.20 1 108
github.com/whicu/hsa/internal/domain/session/session.go:47.20,49.3 1 1
github.com/whicu/hsa/internal/domain/session/session.go:50.2,50.24 1 107
github.com/whicu/hsa/internal/domain/session/session.go:50.24,52.3 1 1
github.com/whicu/hsa/internal/domain/session/session.go:53.2,53.21 1 106
github.com/whicu/hsa/internal/domain/session/session.go:53.21,55.3 1 1
github.com/whicu/hsa/internal/domain/session/session.go:56.2,56.26 1 105
github.com/whicu/hsa/internal/domain/session/session.go:56.26,58.3 1 0
github.com/whicu/hsa/internal/domain/session/session.go:59.2,67.8 1 105
github.com/whicu/hsa/internal/domain/session/session.go:70.47,70.62 1 0
github.com/whicu/hsa/internal/domain/session/session.go:71.47,71.66 1 0
github.com/whicu/hsa/internal/domain/session/session.go:72.47,72.69 1 0
github.com/whicu/hsa/internal/domain/session/session.go:73.47,73.70 1 0
github.com/whicu/hsa/internal/domain/session/session.go:74.47,74.69 1 0
github.com/whicu/hsa/internal/domain/session/session.go:75.47,75.76 1 0
github.com/whicu/hsa/internal/domain/session/session.go:76.47,76.69 1 0
github.com/whicu/hsa/internal/domain/session/session.go:77.47,77.69 1 0
github.com/whicu/hsa/internal/domain/session/session.go:78.47,78.69 1 0
github.com/whicu/hsa/internal/domain/session/session.go:80.52,82.2 1 103
github.com/whicu/hsa/internal/domain/session/session.go:84.52,85.24 1 60
github.com/whicu/hsa/internal/domain/session/session.go:85.24,87.3 1 1
github.com/whicu/hsa/internal/domain/session/session.go:88.2,89.12 2 59
github.com/whicu/hsa/internal/domain/session/session.go:92.118,93.15 1 0
github.com/whicu/hsa/internal/domain/session/session.go:93.15,94.17 1 0
github.com/whicu/hsa/internal/domain/session/session.go:94.17,96.4 1 0
github.com/whicu/hsa/internal/domain/session/session.go:98.2,98.20 1 0
github.com/whicu/hsa/internal/domain/session/session.go:98.20,100.3 1 0
github.com/whicu/hsa/internal/domain/session/session.go:101.2,101.21 1 0
github.com/whicu/hsa/internal/domain/session/session.go:101.21,103.3 1 0
github.com/whicu/hsa/internal/domain/session/session.go:104.2,109.8 1 0
github.com/whicu/hsa/internal/domain/session/session.go:113.40,114.14 1 2
github.com/whicu/hsa/internal/domain/session/session.go:114.14,116.3 1 1
github.com/whicu/hsa/internal/domain/session/session.go:117.2,117.241 1 1
github.com/whicu/hsa/internal/domain/session/session.go:120.187,122.2 1 0
github.com/whicu/hsa/internal/domain/user/user.go:18.46,20.16 2 100
github.com/whicu/hsa/internal/domain/user/user.go:20.16,22.3 1 0
github.com/whicu/hsa/internal/domain/user/user.go:23.2,23.16 1 100
github.com/whicu/hsa/internal/domain/user/user.go:32.81,33.15 1 104
github.com/whicu/hsa/internal/domain/user/user.go:33.15,34.17 1 104
github.com/whicu/hsa/internal/domain/user/user.go:34.17,36.4 1 3
github.com/whicu/hsa/internal/domain/user/user.go:38.2,38.20 1 104
github.com/whicu/hsa/internal/domain/user/user.go:38.20,40.3 1 2
github.com/whicu/hsa/internal/domain/user/user.go:41.2,41.27 1 102
github.com/whicu/hsa/internal/domain/user/user.go:41.27,43.3 1 1
github.com/whicu/hsa/internal/domain/user/user.go:44.2,44.72 1 101
github.com/whicu/hsa/internal/domain/user/user.go:47.67,48.15 1 102
github.com/whicu/hsa/internal/domain/user/user.go:48.15,49.17 1 102
github.com/whicu/hsa/internal/domain/user/user.go:49.17,51.4 1 1
github.com/whicu/hsa/internal/domain/user/user.go:53.2,53.20 1 102
github.com/whicu/hsa/internal/domain/user/user.go:53.20,55.3 1 1
github.com/whicu/hsa/internal/domain/user/user.go:56.2,56.65 1 101
github.com/whicu/hsa/internal/domain/user/user.go:59.38,59.53 1 202
github.com/whicu/hsa/internal/domain/user/user.go:60.38,60.60 1 203
github.com/whicu/hsa/internal/domain/user/user.go:61.38,61.67 1 202
github.com/whicu/hsa/internal/domain/user/user.go:62.38,62.60 1 102
github.com/whicu/hsa/internal/domain/user/user.go:64.75,66.2 1 0
github.com/whicu/hsa/internal/infrastructure/auth/webauthn/authenticator.go:43.18,45.2 1 9
github.com/whicu/hsa/internal/infrastructure/auth/webauthn/authenticator.go:47.76,53.16 3 5
github.com/whicu/hsa/internal/infrastructure/auth/webauthn/authenticator.go:53.16,56.3 2 0
github.com/whicu/hsa/internal/infrastructure/auth/webauthn/authenticator.go:58.2,59.16 2 5
github.com/whicu/hsa/internal/infrastructure/auth/webauthn/authenticator.go:59.16,62.3 2 1
github.com/whicu/hsa/internal/infrastructure/auth/webauthn/authenticator.go:64.2,65.16 2 4
github.com/whicu/hsa/internal/infrastructure/auth/webauthn/authenticator.go:65.16,68.3 2 0
github.com/whicu/hsa/internal/infrastructure/auth/webauthn/authenticator.go:70.2,71.29 2 4
github.com/whicu/hsa/internal/infrastructure/auth/webauthn/authenticator.go:74.135,78.69 3 4
github.com/whicu/hsa/internal/infrastructure/auth/webauthn/authenticator.go:78.69,81.3 2 3
github.com/whicu/hsa/internal/infrastructure/auth/webauthn/authenticator.go:83.2,84.16 2 1
github.com/whicu/hsa/internal/infrastructure/auth/webauthn/authenticator.go:84.16,87.3 2 1
github.com/whicu/hsa/internal/infrastructure/auth/webauthn/authenticator.go:89.2,92.55 2 0
github.com/whicu/hsa/internal/infrastructure/auth/webauthn/authenticator.go:92.55,94.23 2 0
github.com/whicu/hsa/internal/infrastructure/auth/webauthn/authenticator.go:94.23,99.5 2 0
github.com/whicu/hsa/internal/infrastructure/auth/webauthn/authenticator.go:100.4,103.22 3 0
github.com/whicu/hsa/internal/infrastructure/auth/webauthn/authenticator.go:103.22,109.5 2 0
github.com/whicu/hsa/internal/infrastructure/auth/webauthn/authenticator.go:111.4,112.28 2 0
github.com/whicu/hsa/internal/infrastructure/auth/webauthn/authenticator.go:112.28,114.5 1 0
github.com/whicu/hsa/internal/infrastructure/auth/webauthn/authenticator.go:116.4,119.10 1 0
github.com/whicu/hsa/internal/infrastructure/auth/webauthn/authenticator.go:124.2,124.16 1 0
github.com/whicu/hsa/internal/infrastructure/auth/webauthn/authenticator.go:124.16,129.3 2 0
github.com/whicu/hsa/internal/infrastructure/auth/webauthn/authenticator.go:131.2,141.8 2 0
github.com/whicu/hsa/internal/infrastructure/auth/webauthn/authenticator.go:144.75,152.2 1 0
github.com/whicu/hsa/internal/infrastructure/auth/webauthn/registrator.go:37.70,37.88 1 10
github.com/whicu/hsa/internal/infrastructure/auth/webauthn/registrator.go:38.70,38.94 1 5
github.com/whicu/hsa/internal/infrastructure/auth/webauthn/registrator.go:39.70,39.94 1 5
github.com/whicu/hsa/internal/infrastructure/auth/webauthn/registrator.go:40.70,40.94 1 0
github.com/whicu/hsa/internal/infrastructure/auth/webauthn/registrator.go:49.122,51.2 1 10
github.com/whicu/hsa/internal/infrastructure/auth/webauthn/registrator.go:53.129,71.16 4 5
github.com/whicu/hsa/internal/infrastructure/auth/webauthn/registrator.go:71.16,78.3 2 0
github.com/whicu/hsa/internal/infrastructure/auth/webauthn/registrator.go:80.2,85.16 2 5
github.com/whicu/hsa/internal/infrastructure/auth/webauthn/registrator.go:85.16,92.3 2 1
github.com/whicu/hsa/internal/infrastructure/auth/webauthn/registrator.go:94.2,95.16 2 4
github.com/whicu/hsa/internal/infrastructure/auth/webauthn/registrator.go:95.16,102.3 2 0
github.com/whicu/hsa/internal/infrastructure/auth/webauthn/registrator.go:104.2,109.29 2 4
github.com/whicu/hsa/internal/infrastructure/auth/webauthn/registrator.go:112.131,116.69 3 5
github.com/whicu/hsa/internal/infrastructure/auth/webauthn/registrator.go:116.69,121.3 2 3
github.com/whicu/hsa/internal/infrastructure/auth/webauthn/registrator.go:123.2,124.16 2 2
github.com/whicu/hsa/internal/infrastructure/auth/webauthn/registrator.go:124.16,131.3 2 2
github.com/whicu/hsa/internal/infrastructure/auth/webauthn/registrator.go:133.2,135.16 3 0
github.com/whicu/hsa/internal/infrastructure/auth/webauthn/registrator.go:135.16,142.3 2 0
github.com/whicu/hsa/internal/infrastructure/auth/webauthn/registrator.go:143.2,146.35 3 0
github.com/whicu/hsa/internal/infrastructure/auth/webauthn/registrator.go:146.35,148.3 1 0
github.com/whicu/hsa/internal/infrastructure/auth/webauthn/registrator.go:150.2,164.8 2 0
github.com/whicu/hsa/internal/infrastructure/auth/webauthn/registrator.go:167.82,169.9 2 0
github.com/whicu/hsa/internal/infrastructure/auth/webauthn/registrator.go:169.9,171.3 1 0
github.com/whicu/hsa/internal/infrastructure/auth/webauthn/registrator.go:172.2,173.9 2 0
github.com/whicu/hsa/internal/infrastructure/auth/webauthn/registrator.go:173.9,175.3 1 0
github.com/whicu/hsa/internal/infrastructure/auth/webauthn/registrator.go:176.2,177.22 2 0
github.com/whicu/hsa/internal/infrastructure/crypto/secret_manager.go:26.56,30.20 1 16
github.com/whicu/hsa/internal/infrastructure/crypto/secret_manager.go:30.20,34.5 1 20
github.com/whicu/hsa/internal/infrastructure/crypto/secret_manager.go:40.42,41.15 1 2
github.com/whicu/hsa/internal/infrastructure/crypto/secret_manager.go:41.15,43.3 1 1
github.com/whicu/hsa/internal/infrastructure/crypto/secret_manager.go:44.2,44.51 1 1
github.com/whicu/hsa/internal/infrastructure/crypto/secret_manager.go:47.67,49.2 1 0
github.com/whicu/hsa/internal/infrastructure/crypto/secret_manager.go:51.79,53.2 1 60
github.com/whicu/hsa/internal/infrastructure/crypto/secret_manager.go:55.50,56.24 1 60
github.com/whicu/hsa/internal/infrastructure/crypto/secret_manager.go:56.24,58.3 1 15
github.com/whicu/hsa/internal/infrastructure/crypto/secret_manager.go:59.2,60.42 2 45
github.com/whicu/hsa/internal/infrastructure/crypto/secret_manager.go:60.42,62.3 1 0
github.com/whicu/hsa/internal/infrastructure/crypto/secret_manager.go:63.2,63.37 1 45
github.com/whicu/hsa/internal/infrastructure/crypto/secret_manager.go:66.73,69.9 3 45
github.com/whicu/hsa/internal/infrastructure/crypto/secret_manager.go:69.9,71.3 1 0
github.com/whicu/hsa/internal/infrastructure/crypto/secret_manager.go:72.2,76.16 4 45
github.com/whicu/hsa/internal/infrastructure/crypto/secret_manager.go:76.16,78.3 1 0
github.com/whicu/hsa/internal/infrastructure/crypto/secret_manager.go:79.2,81.21 3 45
github.com/whicu/hsa/internal/infrastructure/crypto/secret_manager.go:84.77,86.16 2 60
github.com/whicu/hsa/internal/infrastructure/crypto/secret_manager.go:86.16,88.3 1 15
github.com/whicu/hsa/internal/infrastructure/crypto/secret_manager.go:89.2,90.16 2 45
github.com/whicu/hsa/internal/infrastructure/crypto/secret_manager.go:90.16,92.3 1 0
github.com/whicu/hsa/internal/infrastructure/crypto/secret_manager.go:93.2,93.23 1 45
github.com/whicu/hsa/internal/infrastructure/crypto/secret_manager.go:96.37,97.17 1 135
github.com/whicu/hsa/internal/infrastructure/crypto/secret_manager.go:97.17,99.3 1 15
github.com/whicu/hsa/internal/infrastructure/crypto/secret_manager.go:100.2,100.51 1 120
github.com/whicu/hsa/internal/infrastructure/crypto/token_codec.go:20.66,22.2 1 11
github.com/whicu/hsa/internal/infrastructure/crypto/token_codec.go:25.39,26.15 1 4
github.com/whicu/hsa/internal/infrastructure/crypto/token_codec.go:26.15,28.3 1 2
github.com/whicu/hsa/internal/infrastructure/crypto/token_codec.go:29.2,29.49 1 2
github.com/whicu/hsa/internal/infrastructure/crypto/token_codec.go:32.78,34.16 2 6
github.com/whicu/hsa/internal/infrastructure/crypto/token_codec.go:34.16,36.3 1 1
github.com/whicu/hsa/internal/infrastructure/crypto/token_codec.go:38.2,42.49 4 5
github.com/whicu/hsa/internal/infrastructure/crypto/token_codec.go:45.62,49.16 3 6
github.com/whicu/hsa/internal/infrastructure/crypto/token_codec.go:49.16,50.58 1 3
github.com/whicu/hsa/internal/infrastructure/crypto/token_codec.go:50.58,52.4 1 1
github.com/whicu/hsa/internal/infrastructure/crypto/token_codec.go:53.3,53.27 1 2
github.com/whicu/hsa/internal/infrastructure/crypto/token_codec.go:56.2,57.16 2 3
github.com/whicu/hsa/internal/infrastructure/crypto/token_codec.go:57.16,59.3 1 1
github.com/whicu/hsa/internal/infrastructure/crypto/token_codec.go:61.2,61.41 1 2
github.com/whicu/hsa/internal/infrastructure/crypto/token_issuer.go:14.86,16.2 1 2
github.com/whicu/hsa/internal/infrastructure/crypto/token_issuer.go:19.46,20.15 1 4
github.com/whicu/hsa/internal/infrastructure/crypto/token_issuer.go:20.15,22.3 1 2
github.com/whicu/hsa/internal/infrastructure/crypto/token_issuer.go:23.2,23.55 1 2
github.com/whicu/hsa/internal/infrastructure/crypto/token_issuer.go:26.102,32.2 4 0
github.com/whicu/hsa/internal/infrastructure/crypto/token_verifier.go:15.90,17.2 1 2
github.com/whicu/hsa/internal/infrastructure/crypto/token_verifier.go:20.48,21.15 1 4
github.com/whicu/hsa/internal/infrastructure/crypto/token_verifier.go:21.15,23.3 1 2
github.com/whicu/hsa/internal/infrastructure/crypto/token_verifier.go:24.2,24.57 1 2
github.com/whicu/hsa/internal/infrastructure/crypto/token_verifier.go:27.77,31.16 3 0
github.com/whicu/hsa/internal/infrastructure/crypto/token_verifier.go:31.16,32.58 1 0
github.com/whicu/hsa/internal/infrastructure/crypto/token_verifier.go:32.58,34.4 1 0
github.com/whicu/hsa/internal/infrastructure/crypto/token_verifier.go:35.3,35.42 1 0
github.com/whicu/hsa/internal/infrastructure/crypto/token_verifier.go:38.2,39.16 2 0
github.com/whicu/hsa/internal/infrastructure/crypto/token_verifier.go:39.16,41.3 1 0
github.com/whicu/hsa/internal/infrastructure/crypto/token_verifier.go:43.2,44.16 2 0
github.com/whicu/hsa/internal/infrastructure/crypto/token_verifier.go:44.16,46.3 1 0
github.com/whicu/hsa/internal/infrastructure/crypto/token_verifier.go:48.2,48.20 1 0
github.com/whicu/hsa/internal/infrastructure/storage/config.go:41.35,43.2 1 11
github.com/whicu/hsa/internal/infrastructure/storage/config.go:45.30,54.16 3 11
github.com/whicu/hsa/internal/infrastructure/storage/config.go:54.16,56.3 1 11
github.com/whicu/hsa/internal/infrastructure/storage/config.go:56.8,58.3 1 0
github.com/whicu/hsa/internal/infrastructure/storage/config.go:59.2,61.19 2 11
github.com/whicu/hsa/internal/infrastructure/storage/config.go:64.33,67.2 1 0
github.com/whicu/hsa/internal/infrastructure/storage/convert.go:7.48,8.14 1 0
github.com/whicu/hsa/internal/infrastructure/storage/convert.go:8.14,10.3 1 0
github.com/whicu/hsa/internal/infrastructure/storage/convert.go:11.2,12.12 2 0
github.com/whicu/hsa/internal/infrastructure/storage/convert.go:15.48,16.14 1 10
github.com/whicu/hsa/internal/infrastructure/storage/convert.go:16.14,18.3 1 5
github.com/whicu/hsa/internal/infrastructure/storage/convert.go:19.2,19.45 1 5
github.com/whicu/hsa/internal/infrastructure/storage/credential_repository.go:19.70,21.2 1 0
github.com/whicu/hsa/internal/infrastructure/storage/credential_repository.go:23.121,25.16 2 0
github.com/whicu/hsa/internal/infrastructure/storage/credential_repository.go:25.16,26.36 1 0
github.com/whicu/hsa/internal/infrastructure/storage/credential_repository.go:26.36,28.4 1 0
github.com/whicu/hsa/internal/infrastructure/storage/credential_repository.go:29.3,29.18 1 0
github.com/whicu/hsa/internal/infrastructure/storage/credential_repository.go:31.2,31.34 1 0
github.com/whicu/hsa/internal/infrastructure/storage/credential_repository.go:34.120,36.16 2 0
github.com/whicu/hsa/internal/infrastructure/storage/credential_repository.go:36.16,38.3 1 0
github.com/whicu/hsa/internal/infrastructure/storage/credential_repository.go:39.2,40.27 2 0
github.com/whicu/hsa/internal/infrastructure/storage/credential_repository.go:40.27,42.3 1 0
github.com/whicu/hsa/internal/infrastructure/storage/credential_repository.go:43.2,43.19 1 0
github.com/whicu/hsa/internal/infrastructure/storage/credential_repository.go:46.90,57.2 1 0
github.com/whicu/hsa/internal/infrastructure/storage/credential_repository.go:59.64,65.2 1 0
github.com/whicu/hsa/internal/infrastructure/storage/invite_repository.go:20.62,22.2 1 0
github.com/whicu/hsa/internal/infrastructure/storage/invite_repository.go:24.101,26.16 2 0
github.com/whicu/hsa/internal/infrastructure/storage/invite_repository.go:26.16,27.36 1 0
github.com/whicu/hsa/internal/infrastructure/storage/invite_repository.go:27.36,29.4 1 0
github.com/whicu/hsa/internal/infrastructure/storage/invite_repository.go:30.3,30.18 1 0
github.com/whicu/hsa/internal/infrastructure/storage/invite_repository.go:32.2,32.30 1 0
github.com/whicu/hsa/internal/infrastructure/storage/invite_repository.go:35.102,37.16 2 0
github.com/whicu/hsa/internal/infrastructure/storage/invite_repository.go:37.16,38.36 1 0
github.com/whicu/hsa/internal/infrastructure/storage/invite_repository.go:38.36,40.4 1 0
github.com/whicu/hsa/internal/infrastructure/storage/invite_repository.go:41.3,41.18 1 0
github.com/whicu/hsa/internal/infrastructure/storage/invite_repository.go:43.2,43.30 1 0
github.com/whicu/hsa/internal/infrastructure/storage/invite_repository.go:46.78,55.2 1 0
github.com/whicu/hsa/internal/infrastructure/storage/invite_repository.go:57.115,60.74 2 0
github.com/whicu/hsa/internal/infrastructure/storage/invite_repository.go:60.74,62.3 1 0
github.com/whicu/hsa/internal/infrastructure/storage/invite_repository.go:64.2,68.16 2 0
github.com/whicu/hsa/internal/infrastructure/storage/invite_repository.go:68.16,70.3 1 0
github.com/whicu/hsa/internal/infrastructure/storage/invite_repository.go:71.2,71.24 1 0
github.com/whicu/hsa/internal/infrastructure/storage/invite_repository.go:74.48,79.2 1 0
github.com/whicu/hsa/internal/infrastructure/storage/package.go:12.47,14.16 2 0
github.com/whicu/hsa/internal/infrastructure/storage/package.go:14.16,16.3 1 0
github.com/whicu/hsa/internal/infrastructure/storage/package.go:17.2,18.44 2 0
github.com/whicu/hsa/internal/infrastructure/storage/package.go:21.50,23.16 2 11
github.com/whicu/hsa/internal/infrastructure/storage/package.go:23.16,25.3 1 0
github.com/whicu/hsa/internal/infrastructure/storage/package.go:27.2,28.16 2 11
github.com/whicu/hsa/internal/infrastructure/storage/package.go:28.16,30.3 1 0
github.com/whicu/hsa/internal/infrastructure/storage/package.go:32.2,33.16 2 11
github.com/whicu/hsa/internal/infrastructure/storage/package.go:33.16,35.3 1 0
github.com/whicu/hsa/internal/infrastructure/storage/package.go:37.2,37.34 1 11
github.com/whicu/hsa/internal/infrastructure/storage/package.go:40.76,42.16 2 0
github.com/whicu/hsa/internal/infrastructure/storage/package.go:42.16,44.3 1 0
github.com/whicu/hsa/internal/infrastructure/storage/package.go:46.2,46.46 1 0
github.com/whicu/hsa/internal/infrastructure/storage/package.go:49.68,51.16 2 0
github.com/whicu/hsa/internal/infrastructure/storage/package.go:51.16,53.3 1 0
github.com/whicu/hsa/internal/infrastructure/storage/package.go:55.2,55.42 1 0
github.com/whicu/hsa/internal/infrastructure/storage/package.go:58.70,60.16 2 0
github.com/whicu/hsa/internal/infrastructure/storage/package.go:60.16,62.3 1 0
github.com/whicu/hsa/internal/infrastructure/storage/package.go:64.2,64.43 1 0
github.com/whicu/hsa/internal/infrastructure/storage/package.go:67.64,69.16 2 6
github.com/whicu/hsa/internal/infrastructure/storage/package.go:69.16,71.3 1 0
github.com/whicu/hsa/internal/infrastructure/storage/package.go:73.2,73.40 1 6
github.com/whicu/hsa/internal/infrastructure/storage/package.go:76.76,78.16 2 0
github.com/whicu/hsa/internal/infrastructure/storage/package.go:78.16,80.3 1 0
github.com/whicu/hsa/internal/infrastructure/storage/package.go:82.2,82.46 1 0
github.com/whicu/hsa/internal/infrastructure/storage/session_repository.go:20.64,22.2 1 0
github.com/whicu/hsa/internal/infrastructure/storage/session_repository.go:24.110,26.16 2 0
github.com/whicu/hsa/internal/infrastructure/storage/session_repository.go:26.16,27.36 1 0
github.com/whicu/hsa/internal/infrastructure/storage/session_repository.go:27.36,29.4 1 0
github.com/whicu/hsa/internal/infrastructure/storage/session_repository.go:30.3,30.18 1 0
github.com/whicu/hsa/internal/infrastructure/storage/session_repository.go:32.2,32.31 1 0
github.com/whicu/hsa/internal/infrastructure/storage/session_repository.go:35.141,40.16 2 0
github.com/whicu/hsa/internal/infrastructure/storage/session_repository.go:40.16,42.3 1 0
github.com/whicu/hsa/internal/infrastructure/storage/session_repository.go:43.2,44.27 2 0
github.com/whicu/hsa/internal/infrastructure/storage/session_repository.go:44.27,46.3 1 0
github.com/whicu/hsa/internal/infrastructure/storage/session_repository.go:47.2,47.20 1 0
github.com/whicu/hsa/internal/infrastructure/storage/session_repository.go:50.94,52.27 2 0
github.com/whicu/hsa/internal/infrastructure/storage/session_repository.go:52.27,63.3 1 0
github.com/whicu/hsa/internal/infrastructure/storage/session_repository.go:65.2,67.38 3 0
github.com/whicu/hsa/internal/infrastructure/storage/session_repository.go:67.38,68.36 1 0
github.com/whicu/hsa/internal/infrastructure/storage/session_repository.go:68.36,70.4 1 0
github.com/whicu/hsa/internal/infrastructure/storage/session_repository.go:72.2,72.69 1 0
github.com/whicu/hsa/internal/infrastructure/storage/session_repository.go:72.69,74.3 1 0
github.com/whicu/hsa/internal/infrastructure/storage/session_repository.go:75.2,75.17 1 0
github.com/whicu/hsa/internal/infrastructure/storage/session_repository.go:78.62,83.2 1 0
github.com/whicu/hsa/internal/infrastructure/storage/storage.go:26.86,28.16 2 11
github.com/whicu/hsa/internal/infrastructure/storage/storage.go:28.16,30.3 1 0
github.com/whicu/hsa/internal/infrastructure/storage/storage.go:32.2,38.2 5 11
github.com/whicu/hsa/internal/infrastructure/storage/storage.go:38.2,50.23 4 11
github.com/whicu/hsa/internal/infrastructure/storage/storage.go:50.23,52.4 1 0
github.com/whicu/hsa/internal/infrastructure/storage/storage.go:53.3,53.37 1 11
github.com/whicu/hsa/internal/infrastructure/storage/storage.go:56.2,57.20 2 11
github.com/whicu/hsa/internal/infrastructure/storage/storage.go:57.20,59.3 1 0
github.com/whicu/hsa/internal/infrastructure/storage/storage.go:61.2,61.54 1 11
github.com/whicu/hsa/internal/infrastructure/storage/storage.go:61.54,63.3 1 0
github.com/whicu/hsa/internal/infrastructure/storage/storage.go:65.2,68.49 3 11
github.com/whicu/hsa/internal/infrastructure/storage/storage.go:68.49,71.3 2 0
github.com/whicu/hsa/internal/infrastructure/storage/storage.go:73.2,78.8 2 11
github.com/whicu/hsa/internal/infrastructure/storage/storage.go:81.51,83.2 1 4
github.com/whicu/hsa/internal/infrastructure/storage/storage.go:85.49,89.50 3 8
github.com/whicu/hsa/internal/infrastructure/storage/storage.go:89.50,91.3 1 0
github.com/whicu/hsa/internal/infrastructure/storage/storage.go:93.2,93.12 1 8
github.com/whicu/hsa/internal/infrastructure/storage/storage.go:96.52,100.53 3 7
github.com/whicu/hsa/internal/infrastructure/storage/storage.go:100.53,102.3 1 0
github.com/whicu/hsa/internal/infrastructure/storage/storage.go:104.2,104.12 1 7
github.com/whicu/hsa/internal/infrastructure/storage/storage.go:107.30,109.2 1 4
github.com/whicu/hsa/internal/infrastructure/storage/transaction.go:15.99,16.46 1 0
github.com/whicu/hsa/internal/infrastructure/storage/transaction.go:16.46,18.3 1 0
github.com/whicu/hsa/internal/infrastructure/storage/transaction.go:20.2,20.27 1 0
github.com/whicu/hsa/internal/infrastructure/storage/transaction.go:23.96,25.16 2 0
github.com/whicu/hsa/internal/infrastructure/storage/transaction.go:25.16,27.3 1 0
github.com/whicu/hsa/internal/infrastructure/storage/transaction.go:29.2,31.15 2 0
github.com/whicu/hsa/internal/infrastructure/storage/transaction.go:31.15,32.31 1 0
github.com/whicu/hsa/internal/infrastructure/storage/transaction.go:32.31,34.70 2 0
github.com/whicu/hsa/internal/infrastructure/storage/transaction.go:34.70,38.5 3 0
github.com/whicu/hsa/internal/infrastructure/storage/transaction.go:39.4,41.10 3 0
github.com/whicu/hsa/internal/infrastructure/storage/transaction.go:43.3,43.17 1 0
github.com/whicu/hsa/internal/infrastructure/storage/transaction.go:43.17,45.126 2 0
github.com/whicu/hsa/internal/infrastructure/storage/transaction.go:45.126,47.5 1 0
github.com/whicu/hsa/internal/infrastructure/storage/transaction.go:51.2,51.37 1 0
github.com/whicu/hsa/internal/infrastructure/storage/transaction.go:51.37,53.3 1 0
github.com/whicu/hsa/internal/infrastructure/storage/transaction.go:55.2,55.38 1 0
github.com/whicu/hsa/internal/infrastructure/storage/transaction.go:55.38,57.3 1 0
github.com/whicu/hsa/internal/infrastructure/storage/transaction.go:59.2,59.12 1 0
github.com/whicu/hsa/internal/infrastructure/storage/transaction.go:62.63,63.47 1 14
github.com/whicu/hsa/internal/infrastructure/storage/transaction.go:63.47,65.3 1 0
github.com/whicu/hsa/internal/infrastructure/storage/transaction.go:66.2,66.18 1 14
github.com/whicu/hsa/internal/infrastructure/storage/user_repository.go:17.58,19.2 1 6
github.com/whicu/hsa/internal/infrastructure/storage/user_repository.go:21.72,27.2 1 10
github.com/whicu/hsa/internal/infrastructure/storage/user_repository.go:29.100,31.16 2 4
github.com/whicu/hsa/internal/infrastructure/storage/user_repository.go:31.16,32.36 1 0
github.com/whicu/hsa/internal/infrastructure/storage/user_repository.go:32.36,34.4 1 0
github.com/whicu/hsa/internal/infrastructure/storage/user_repository.go:35.3,35.18 1 0
github.com/whicu/hsa/internal/infrastructure/storage/user_repository.go:37.2,37.19 1 4
github.com/whicu/hsa/internal/infrastructure/storage/user_repository.go:37.19,39.3 1 1
github.com/whicu/hsa/internal/infrastructure/storage/user_repository.go:40.2,40.17 1 3
github.com/whicu/hsa/internal/infrastructure/storage/wrapped_key_repository.go:14.70,16.2 1 0
github.com/whicu/hsa/internal/infrastructure/storage/wrapped_key_repository.go:18.89,20.25 2 0
github.com/whicu/hsa/internal/infrastructure/storage/wrapped_key_repository.go:20.25,30.3 1 0
github.com/whicu/hsa/internal/infrastructure/storage/wrapped_key_repository.go:31.2,32.12 2 0
github.com/whicu/hsa/internal/infrastructure/storage/wrapped_key_repository.go:35.48,36.25 1 0
github.com/whicu/hsa/internal/infrastructure/storage/wrapped_key_repository.go:36.25,38.3 1 0
github.com/whicu/hsa/internal/infrastructure/storage/wrapped_key_repository.go:39.2,39.31 1 0
github.com/whicu/hsa/pkg/errkit/errmap.go:14.63,15.58 1 0
github.com/whicu/hsa/pkg/errkit/errmap.go:15.58,16.41 1 0
github.com/whicu/hsa/pkg/errkit/errmap.go:16.41,18.4 1 0
github.com/whicu/hsa/pkg/errkit/errmap.go:20.3,21.21 2 0
github.com/whicu/hsa/pkg/errkit/errmap.go:25.65,27.2 1 0
github.com/whicu/hsa/pkg/errkit/errmap.go:29.44,30.30 1 0
github.com/whicu/hsa/pkg/errkit/errmap.go:30.30,31.26 1 0
github.com/whicu/hsa/pkg/errkit/errmap.go:31.26,33.4 1 0
github.com/whicu/hsa/pkg/errkit/errmap.go:36.2,36.28 1 0
github.com/whicu/hsa/pkg/errkit/errmap.go:36.28,38.3 1 0
github.com/whicu/hsa/pkg/errkit/errmap.go:40.2,41.13 2 0
github.com/whicu/hsa/pkg/errkit/error.go:10.32,12.15 2 0
github.com/whicu/hsa/pkg/errkit/error.go:12.15,14.3 1 0
github.com/whicu/hsa/pkg/errkit/error.go:16.2,16.21 1 0
github.com/whicu/hsa/pkg/errkit/error.go:19.46,20.50 1 0
github.com/whicu/hsa/pkg/errkit/error.go:20.50,21.20 1 0
github.com/whicu/hsa/pkg/errkit/error.go:21.20,23.4 1 0
github.com/whicu/hsa/pkg/errkit/error.go:24.3,24.26 1 0
github.com/whicu/hsa/pkg/errkit/error.go:24.26,25.59 1 0
github.com/whicu/hsa/pkg/errkit/error.go:25.59,26.23 1 0
github.com/whicu/hsa/pkg/errkit/error.go:26.23,28.6 1 0
github.com/whicu/hsa/pkg/errkit/error.go:29.10,29.23 1 0
github.com/whicu/hsa/pkg/errkit/error.go:29.23,31.5 1 0
github.com/whicu/hsa/pkg/errkit/error.go:34.3,34.16 1 0
github.com/whicu/hsa/pkg/errkit/error.go:37.2,38.16 2 0
github.com/whicu/hsa/pkg/errkit/error.go:38.16,40.3 1 0
github.com/whicu/hsa/pkg/errkit/error.go:41.2,43.37 2 0
github.com/whicu/hsa/pkg/errkit/error.go:46.34,47.36 1 0
github.com/whicu/hsa/pkg/errkit/error.go:47.36,49.3 1 0
github.com/whicu/hsa/pkg/errkit/error.go:51.2,51.17 1 0
github.com/whicu/hsa/pkg/errkit/format.go:11.40,12.18 1 3
github.com/whicu/hsa/pkg/errkit/format.go:12.18,14.3 1 1
github.com/whicu/hsa/pkg/errkit/format.go:16.2,20.25 4 2
github.com/whicu/hsa/pkg/errkit/format.go:20.25,24.3 3 2
github.com/whicu/hsa/pkg/errkit/format.go:25.2,27.19 2 2
github.com/whicu/hsa/pkg/errkit/group.go:14.32,17.16 3 0
github.com/whicu/hsa/pkg/errkit/group.go:17.16,19.3 1 0
github.com/whicu/hsa/pkg/errkit/group.go:20.2,20.28 1 0
github.com/whicu/hsa/pkg/errkit/group.go:23.36,24.17 1 0
github.com/whicu/hsa/pkg/errkit/group.go:24.17,25.29 1 0
github.com/whicu/hsa/pkg/errkit/group.go:25.29,27.4 1 0
github.com/whicu/hsa/pkg/errkit/group.go:31.41,35.2 3 0
github.com/whicu/hsa/pkg/errkit/group.go:37.30,44.26 6 0
github.com/whicu/hsa/pkg/errkit/group.go:44.26,45.29 1 0
github.com/whicu/hsa/pkg/errkit/group.go:45.29,47.4 1 0
github.com/whicu/hsa/pkg/errkit/group.go:50.2,52.18 3 0
github.com/whicu/hsa/pkg/errkit/group.go:52.18,54.3 1 0
github.com/whicu/hsa/pkg/errkit/group.go:55.2,55.14 1 0
github.com/whicu/hsa/pkg/errkit/panic.go:13.39,18.2 1 0
github.com/whicu/hsa/pkg/errkit/panic.go:20.37,22.2 1 0
github.com/whicu/hsa/pkg/errkit/panic.go:24.37,25.36 1 0
github.com/whicu/hsa/pkg/errkit/panic.go:25.36,27.3 1 0
github.com/whicu/hsa/pkg/errkit/panic.go:28.2,28.12 1 0
